<!doctype html public "-//w3c//dtd html 4.0 transitional//en">
<html><head>
<title>Static Call Graph - [WS2812FX\WS2812FX.axf]</title></head>
<body><HR>
<H1>Static Call Graph for image WS2812FX\WS2812FX.axf</H1><HR>
<BR><P>#&#060CALLGRAPH&#062# ARM Linker, 5060750: Last Updated: Fri Mar 13 10:08:40 2026
<BR><P>
<H3>Maximum Stack Usage =        136 bytes + Unknown(Cycles, Untraceable Function Pointers)</H3><H3>
Call chain for Maximum Stack Depth:</H3>
main &rArr; SystemClock_Config &rArr; HAL_RCC_ClockConfig &rArr; HAL_InitTick &rArr; HAL_NVIC_SetPriority
<P>
<H3>
Mutually Recursive functions
</H3> <LI><a href="#[8a]">ADC1_2_IRQHandler</a>&nbsp;&nbsp;&nbsp;&rArr;&nbsp;&nbsp;&nbsp;<a href="#[8a]">ADC1_2_IRQHandler</a><BR>
 <LI><a href="#[72]">BusFault_Handler</a>&nbsp;&nbsp;&nbsp;&rArr;&nbsp;&nbsp;&nbsp;<a href="#[72]">BusFault_Handler</a><BR>
 <LI><a href="#[70]">HardFault_Handler</a>&nbsp;&nbsp;&nbsp;&rArr;&nbsp;&nbsp;&nbsp;<a href="#[70]">HardFault_Handler</a><BR>
 <LI><a href="#[71]">MemManage_Handler</a>&nbsp;&nbsp;&nbsp;&rArr;&nbsp;&nbsp;&nbsp;<a href="#[71]">MemManage_Handler</a><BR>
 <LI><a href="#[73]">UsageFault_Handler</a>&nbsp;&nbsp;&nbsp;&rArr;&nbsp;&nbsp;&nbsp;<a href="#[73]">UsageFault_Handler</a><BR>
</UL>
<P>
<H3>
Function Pointers
</H3><UL>
 <LI><a href="#[8a]">ADC1_2_IRQHandler</a> from startup_stm32f103xe.o(.text) referenced from startup_stm32f103xe.o(RESET)
 <LI><a href="#[a7]">ADC3_IRQHandler</a> from startup_stm32f103xe.o(.text) referenced from startup_stm32f103xe.o(RESET)
 <LI><a href="#[7]">Adafruit_NeoPixel_ColorHSV</a> from adafruit_neopixel.o(i.Adafruit_NeoPixel_ColorHSV) referenced 2 times from adafruit_neopixel.o(.data)
 <LI><a href="#[c]">Adafruit_NeoPixel_Color_rgb</a> from adafruit_neopixel.o(i.Adafruit_NeoPixel_Color_rgb) referenced 2 times from adafruit_neopixel.o(.data)
 <LI><a href="#[0]">Adafruit_NeoPixel_begin</a> from adafruit_neopixel.o(i.Adafruit_NeoPixel_begin) referenced 2 times from adafruit_neopixel.o(.data)
 <LI><a href="#[f]">Adafruit_NeoPixel_deinit</a> from adafruit_neopixel.o(i.Adafruit_NeoPixel_deinit) referenced 2 times from adafruit_neopixel.o(.data)
 <LI><a href="#[6]">Adafruit_NeoPixel_fill</a> from adafruit_neopixel.o(i.Adafruit_NeoPixel_fill) referenced 2 times from adafruit_neopixel.o(.data)
 <LI><a href="#[10]">Adafruit_NeoPixel_gamma8</a> from adafruit_neopixel.o(i.Adafruit_NeoPixel_gamma8) referenced 2 times from adafruit_neopixel.o(.data)
 <LI><a href="#[8]">Adafruit_NeoPixel_getPixelColor</a> from adafruit_neopixel.o(i.Adafruit_NeoPixel_getPixelColor) referenced 2 times from adafruit_neopixel.o(.data)
 <LI><a href="#[b]">Adafruit_NeoPixel_getPixels</a> from adafruit_neopixel.o(i.Adafruit_NeoPixel_getPixels) referenced 2 times from adafruit_neopixel.o(.data)
 <LI><a href="#[d]">Adafruit_NeoPixel_init</a> from adafruit_neopixel.o(i.Adafruit_NeoPixel_init) referenced 2 times from adafruit_neopixel.o(.data)
 <LI><a href="#[e]">Adafruit_NeoPixel_init_empty</a> from adafruit_neopixel.o(i.Adafruit_NeoPixel_init_empty) referenced 2 times from adafruit_neopixel.o(.data)
 <LI><a href="#[a]">Adafruit_NeoPixel_numPixels</a> from adafruit_neopixel.o(i.Adafruit_NeoPixel_numPixels) referenced 2 times from adafruit_neopixel.o(.data)
 <LI><a href="#[9]">Adafruit_NeoPixel_setBrightness</a> from adafruit_neopixel.o(i.Adafruit_NeoPixel_setBrightness) referenced 2 times from adafruit_neopixel.o(.data)
 <LI><a href="#[5]">Adafruit_NeoPixel_setPixelColor</a> from adafruit_neopixel.o(i.Adafruit_NeoPixel_setPixelColor) referenced 2 times from adafruit_neopixel.o(.data)
 <LI><a href="#[4]">Adafruit_NeoPixel_setPixelColor_rgbw</a> from adafruit_neopixel.o(i.Adafruit_NeoPixel_setPixelColor_rgbw) referenced 2 times from adafruit_neopixel.o(.data)
 <LI><a href="#[3]">Adafruit_NeoPixel_show</a> from adafruit_neopixel.o(i.Adafruit_NeoPixel_show) referenced 2 times from adafruit_neopixel.o(.data)
 <LI><a href="#[11]">Adafruit_NeoPixel_sine8</a> from adafruit_neopixel.o(i.Adafruit_NeoPixel_sine8) referenced 2 times from adafruit_neopixel.o(.data)
 <LI><a href="#[1]">Adafruit_NeoPixel_updateLength</a> from adafruit_neopixel.o(i.Adafruit_NeoPixel_updateLength) referenced 2 times from adafruit_neopixel.o(.data)
 <LI><a href="#[2]">Adafruit_NeoPixel_updateType</a> from adafruit_neopixel.o(i.Adafruit_NeoPixel_updateType) referenced 2 times from adafruit_neopixel.o(.data)
 <LI><a href="#[72]">BusFault_Handler</a> from stm32f1xx_it.o(i.BusFault_Handler) referenced from startup_stm32f103xe.o(RESET)
 <LI><a href="#[8d]">CAN1_RX1_IRQHandler</a> from startup_stm32f103xe.o(.text) referenced from startup_stm32f103xe.o(RESET)
 <LI><a href="#[8e]">CAN1_SCE_IRQHandler</a> from startup_stm32f103xe.o(.text) referenced from startup_stm32f103xe.o(RESET)
 <LI><a href="#[83]">DMA1_Channel1_IRQHandler</a> from startup_stm32f103xe.o(.text) referenced from startup_stm32f103xe.o(RESET)
 <LI><a href="#[84]">DMA1_Channel2_IRQHandler</a> from startup_stm32f103xe.o(.text) referenced from startup_stm32f103xe.o(RESET)
 <LI><a href="#[85]">DMA1_Channel3_IRQHandler</a> from stm32f1xx_it.o(i.DMA1_Channel3_IRQHandler) referenced from startup_stm32f103xe.o(RESET)
 <LI><a href="#[86]">DMA1_Channel4_IRQHandler</a> from startup_stm32f103xe.o(.text) referenced from startup_stm32f103xe.o(RESET)
 <LI><a href="#[87]">DMA1_Channel5_IRQHandler</a> from startup_stm32f103xe.o(.text) referenced from startup_stm32f103xe.o(RESET)
 <LI><a href="#[88]">DMA1_Channel6_IRQHandler</a> from startup_stm32f103xe.o(.text) referenced from startup_stm32f103xe.o(RESET)
 <LI><a href="#[89]">DMA1_Channel7_IRQHandler</a> from startup_stm32f103xe.o(.text) referenced from startup_stm32f103xe.o(RESET)
 <LI><a href="#[b0]">DMA2_Channel1_IRQHandler</a> from startup_stm32f103xe.o(.text) referenced from startup_stm32f103xe.o(RESET)
 <LI><a href="#[b1]">DMA2_Channel2_IRQHandler</a> from startup_stm32f103xe.o(.text) referenced from startup_stm32f103xe.o(RESET)
 <LI><a href="#[b2]">DMA2_Channel3_IRQHandler</a> from startup_stm32f103xe.o(.text) referenced from startup_stm32f103xe.o(RESET)
 <LI><a href="#[b3]">DMA2_Channel4_5_IRQHandler</a> from startup_stm32f103xe.o(.text) referenced from startup_stm32f103xe.o(RESET)
 <LI><a href="#[75]">DebugMon_Handler</a> from stm32f1xx_it.o(i.DebugMon_Handler) referenced from startup_stm32f103xe.o(RESET)
 <LI><a href="#[7e]">EXTI0_IRQHandler</a> from startup_stm32f103xe.o(.text) referenced from startup_stm32f103xe.o(RESET)
 <LI><a href="#[a0]">EXTI15_10_IRQHandler</a> from startup_stm32f103xe.o(.text) referenced from startup_stm32f103xe.o(RESET)
 <LI><a href="#[7f]">EXTI1_IRQHandler</a> from startup_stm32f103xe.o(.text) referenced from startup_stm32f103xe.o(RESET)
 <LI><a href="#[80]">EXTI2_IRQHandler</a> from startup_stm32f103xe.o(.text) referenced from startup_stm32f103xe.o(RESET)
 <LI><a href="#[81]">EXTI3_IRQHandler</a> from startup_stm32f103xe.o(.text) referenced from startup_stm32f103xe.o(RESET)
 <LI><a href="#[82]">EXTI4_IRQHandler</a> from startup_stm32f103xe.o(.text) referenced from startup_stm32f103xe.o(RESET)
 <LI><a href="#[8f]">EXTI9_5_IRQHandler</a> from startup_stm32f103xe.o(.text) referenced from startup_stm32f103xe.o(RESET)
 <LI><a href="#[7c]">FLASH_IRQHandler</a> from startup_stm32f103xe.o(.text) referenced from startup_stm32f103xe.o(RESET)
 <LI><a href="#[a8]">FSMC_IRQHandler</a> from startup_stm32f103xe.o(.text) referenced from startup_stm32f103xe.o(RESET)
 <LI><a href="#[70]">HardFault_Handler</a> from stm32f1xx_it.o(i.HardFault_Handler) referenced from startup_stm32f103xe.o(RESET)
 <LI><a href="#[98]">I2C1_ER_IRQHandler</a> from startup_stm32f103xe.o(.text) referenced from startup_stm32f103xe.o(RESET)
 <LI><a href="#[97]">I2C1_EV_IRQHandler</a> from startup_stm32f103xe.o(.text) referenced from startup_stm32f103xe.o(RESET)
 <LI><a href="#[9a]">I2C2_ER_IRQHandler</a> from startup_stm32f103xe.o(.text) referenced from startup_stm32f103xe.o(RESET)
 <LI><a href="#[99]">I2C2_EV_IRQHandler</a> from startup_stm32f103xe.o(.text) referenced from startup_stm32f103xe.o(RESET)
 <LI><a href="#[71]">MemManage_Handler</a> from stm32f1xx_it.o(i.MemManage_Handler) referenced from startup_stm32f103xe.o(RESET)
 <LI><a href="#[6f]">NMI_Handler</a> from stm32f1xx_it.o(i.NMI_Handler) referenced from startup_stm32f103xe.o(RESET)
 <LI><a href="#[79]">PVD_IRQHandler</a> from startup_stm32f103xe.o(.text) referenced from startup_stm32f103xe.o(RESET)
 <LI><a href="#[76]">PendSV_Handler</a> from stm32f1xx_it.o(i.PendSV_Handler) referenced from startup_stm32f103xe.o(RESET)
 <LI><a href="#[7d]">RCC_IRQHandler</a> from startup_stm32f103xe.o(.text) referenced from startup_stm32f103xe.o(RESET)
 <LI><a href="#[a1]">RTC_Alarm_IRQHandler</a> from startup_stm32f103xe.o(.text) referenced from startup_stm32f103xe.o(RESET)
 <LI><a href="#[7b]">RTC_IRQHandler</a> from startup_stm32f103xe.o(.text) referenced from startup_stm32f103xe.o(RESET)
 <LI><a href="#[6e]">Reset_Handler</a> from startup_stm32f103xe.o(.text) referenced from startup_stm32f103xe.o(RESET)
 <LI><a href="#[a9]">SDIO_IRQHandler</a> from startup_stm32f103xe.o(.text) referenced from startup_stm32f103xe.o(RESET)
 <LI><a href="#[9b]">SPI1_IRQHandler</a> from startup_stm32f103xe.o(.text) referenced from startup_stm32f103xe.o(RESET)
 <LI><a href="#[9c]">SPI2_IRQHandler</a> from startup_stm32f103xe.o(.text) referenced from startup_stm32f103xe.o(RESET)
 <LI><a href="#[ab]">SPI3_IRQHandler</a> from startup_stm32f103xe.o(.text) referenced from startup_stm32f103xe.o(RESET)
 <LI><a href="#[b9]">SPI_DMAError</a> from stm32f1xx_hal_spi.o(i.SPI_DMAError) referenced from stm32f1xx_hal_spi.o(i.HAL_SPI_Transmit_DMA)
 <LI><a href="#[b7]">SPI_DMAHalfTransmitCplt</a> from stm32f1xx_hal_spi.o(i.SPI_DMAHalfTransmitCplt) referenced from stm32f1xx_hal_spi.o(i.HAL_SPI_Transmit_DMA)
 <LI><a href="#[b8]">SPI_DMATransmitCplt</a> from stm32f1xx_hal_spi.o(i.SPI_DMATransmitCplt) referenced from stm32f1xx_hal_spi.o(i.HAL_SPI_Transmit_DMA)
 <LI><a href="#[74]">SVC_Handler</a> from stm32f1xx_it.o(i.SVC_Handler) referenced from startup_stm32f103xe.o(RESET)
 <LI><a href="#[77]">SysTick_Handler</a> from stm32f1xx_it.o(i.SysTick_Handler) referenced from startup_stm32f103xe.o(RESET)
 <LI><a href="#[b5]">SystemInit</a> from system_stm32f1xx.o(i.SystemInit) referenced from startup_stm32f103xe.o(.text)
 <LI><a href="#[7a]">TAMPER_IRQHandler</a> from startup_stm32f103xe.o(.text) referenced from startup_stm32f103xe.o(RESET)
 <LI><a href="#[90]">TIM1_BRK_IRQHandler</a> from startup_stm32f103xe.o(.text) referenced from startup_stm32f103xe.o(RESET)
 <LI><a href="#[93]">TIM1_CC_IRQHandler</a> from startup_stm32f103xe.o(.text) referenced from startup_stm32f103xe.o(RESET)
 <LI><a href="#[92]">TIM1_TRG_COM_IRQHandler</a> from startup_stm32f103xe.o(.text) referenced from startup_stm32f103xe.o(RESET)
 <LI><a href="#[91]">TIM1_UP_IRQHandler</a> from startup_stm32f103xe.o(.text) referenced from startup_stm32f103xe.o(RESET)
 <LI><a href="#[94]">TIM2_IRQHandler</a> from startup_stm32f103xe.o(.text) referenced from startup_stm32f103xe.o(RESET)
 <LI><a href="#[95]">TIM3_IRQHandler</a> from startup_stm32f103xe.o(.text) referenced from startup_stm32f103xe.o(RESET)
 <LI><a href="#[96]">TIM4_IRQHandler</a> from startup_stm32f103xe.o(.text) referenced from startup_stm32f103xe.o(RESET)
 <LI><a href="#[aa]">TIM5_IRQHandler</a> from startup_stm32f103xe.o(.text) referenced from startup_stm32f103xe.o(RESET)
 <LI><a href="#[ae]">TIM6_IRQHandler</a> from startup_stm32f103xe.o(.text) referenced from startup_stm32f103xe.o(RESET)
 <LI><a href="#[af]">TIM7_IRQHandler</a> from startup_stm32f103xe.o(.text) referenced from startup_stm32f103xe.o(RESET)
 <LI><a href="#[a3]">TIM8_BRK_IRQHandler</a> from startup_stm32f103xe.o(.text) referenced from startup_stm32f103xe.o(RESET)
 <LI><a href="#[a6]">TIM8_CC_IRQHandler</a> from startup_stm32f103xe.o(.text) referenced from startup_stm32f103xe.o(RESET)
 <LI><a href="#[a5]">TIM8_TRG_COM_IRQHandler</a> from startup_stm32f103xe.o(.text) referenced from startup_stm32f103xe.o(RESET)
 <LI><a href="#[a4]">TIM8_UP_IRQHandler</a> from startup_stm32f103xe.o(.text) referenced from startup_stm32f103xe.o(RESET)
 <LI><a href="#[ac]">UART4_IRQHandler</a> from startup_stm32f103xe.o(.text) referenced from startup_stm32f103xe.o(RESET)
 <LI><a href="#[ad]">UART5_IRQHandler</a> from startup_stm32f103xe.o(.text) referenced from startup_stm32f103xe.o(RESET)
 <LI><a href="#[9d]">USART1_IRQHandler</a> from startup_stm32f103xe.o(.text) referenced from startup_stm32f103xe.o(RESET)
 <LI><a href="#[9e]">USART2_IRQHandler</a> from startup_stm32f103xe.o(.text) referenced from startup_stm32f103xe.o(RESET)
 <LI><a href="#[9f]">USART3_IRQHandler</a> from startup_stm32f103xe.o(.text) referenced from startup_stm32f103xe.o(RESET)
 <LI><a href="#[a2]">USBWakeUp_IRQHandler</a> from startup_stm32f103xe.o(.text) referenced from startup_stm32f103xe.o(RESET)
 <LI><a href="#[8b]">USB_HP_CAN1_TX_IRQHandler</a> from startup_stm32f103xe.o(.text) referenced from startup_stm32f103xe.o(RESET)
 <LI><a href="#[8c]">USB_LP_CAN1_RX0_IRQHandler</a> from startup_stm32f103xe.o(.text) referenced from startup_stm32f103xe.o(RESET)
 <LI><a href="#[73]">UsageFault_Handler</a> from stm32f1xx_it.o(i.UsageFault_Handler) referenced from startup_stm32f103xe.o(RESET)
 <LI><a href="#[41]">WS2812FX_addActiveSegment</a> from ws2812fx.o(i.WS2812FX_addActiveSegment) referenced 2 times from ws2812fx.o(.data)
 <LI><a href="#[13]">WS2812FX_blend</a> from modes_funcs.o(i.WS2812FX_blend) referenced 2 times from modes_funcs.o(.data)
 <LI><a href="#[14]">WS2812FX_blink</a> from modes_funcs.o(i.WS2812FX_blink) referenced 2 times from modes_funcs.o(.data)
 <LI><a href="#[15]">WS2812FX_chase</a> from modes_funcs.o(i.WS2812FX_chase) referenced 2 times from modes_funcs.o(.data)
 <LI><a href="#[16]">WS2812FX_chase_flash</a> from modes_funcs.o(i.WS2812FX_chase_flash) referenced 2 times from modes_funcs.o(.data)
 <LI><a href="#[17]">WS2812FX_color_blend</a> from modes_funcs.o(i.WS2812FX_color_blend) referenced 2 times from modes_funcs.o(.data)
 <LI><a href="#[61]">WS2812FX_color_wheel</a> from ws2812fx.o(i.WS2812FX_color_wheel) referenced 2 times from ws2812fx.o(.data)
 <LI><a href="#[18]">WS2812FX_color_wipe</a> from modes_funcs.o(i.WS2812FX_color_wipe) referenced 2 times from modes_funcs.o(.data)
 <LI><a href="#[4a]">WS2812FX_copyPixels</a> from ws2812fx.o(i.WS2812FX_copyPixels) referenced 2 times from ws2812fx.o(.data)
 <LI><a href="#[36]">WS2812FX_decreaseBrightness</a> from ws2812fx.o(i.WS2812FX_decreaseBrightness) referenced 2 times from ws2812fx.o(.data)
 <LI><a href="#[39]">WS2812FX_decreaseLength</a> from ws2812fx.o(i.WS2812FX_decreaseLength) referenced 2 times from ws2812fx.o(.data)
 <LI><a href="#[2e]">WS2812FX_decreaseSpeed</a> from ws2812fx.o(i.WS2812FX_decreaseSpeed) referenced 2 times from ws2812fx.o(.data)
 <LI><a href="#[19]">WS2812FX_fade_out</a> from modes_funcs.o(i.WS2812FX_fade_out) referenced 2 times from modes_funcs.o(.data)
 <LI><a href="#[1a]">WS2812FX_fire_flicker</a> from modes_funcs.o(i.WS2812FX_fire_flicker) referenced 2 times from modes_funcs.o(.data)
 <LI><a href="#[1b]">WS2812FX_fireworks</a> from modes_funcs.o(i.WS2812FX_fireworks) referenced 2 times from modes_funcs.o(.data)
 <LI><a href="#[66]">WS2812FX_getActiveSegments</a> from ws2812fx.o(i.WS2812FX_getActiveSegments) referenced 2 times from ws2812fx.o(.data)
 <LI><a href="#[62]">WS2812FX_getColor</a> from ws2812fx.o(i.WS2812FX_getColor) referenced 2 times from ws2812fx.o(.data)
 <LI><a href="#[63]">WS2812FX_getColors</a> from ws2812fx.o(i.WS2812FX_getColors) referenced 2 times from ws2812fx.o(.data)
 <LI><a href="#[5f]">WS2812FX_getLength</a> from ws2812fx.o(i.WS2812FX_getLength) referenced 2 times from ws2812fx.o(.data)
 <LI><a href="#[57]">WS2812FX_getMode</a> from ws2812fx.o(i.WS2812FX_getMode) referenced 2 times from ws2812fx.o(.data)
 <LI><a href="#[58]">WS2812FX_getModeCount</a> from ws2812fx.o(i.WS2812FX_getModeCount) referenced 2 times from ws2812fx.o(.data)
 <LI><a href="#[67]">WS2812FX_getModeName</a> from ws2812fx.o(i.WS2812FX_getModeName) referenced 2 times from ws2812fx.o(.data)
 <LI><a href="#[60]">WS2812FX_getNumBytes</a> from ws2812fx.o(i.WS2812FX_getNumBytes) referenced 2 times from ws2812fx.o(.data)
 <LI><a href="#[5d]">WS2812FX_getNumBytesPerPixel</a> from ws2812fx.o(i.WS2812FX_getNumBytesPerPixel) referenced 2 times from ws2812fx.o(.data)
 <LI><a href="#[5a]">WS2812FX_getNumSegments</a> from ws2812fx.o(i.WS2812FX_getNumSegments) referenced 2 times from ws2812fx.o(.data)
 <LI><a href="#[5c]">WS2812FX_getOptions</a> from ws2812fx.o(i.WS2812FX_getOptions) referenced 2 times from ws2812fx.o(.data)
 <LI><a href="#[69]">WS2812FX_getSegment</a> from ws2812fx.o(i.WS2812FX_getSegment) referenced 2 times from ws2812fx.o(.data)
 <LI><a href="#[6c]">WS2812FX_getSegmentRuntime</a> from ws2812fx.o(i.WS2812FX_getSegmentRuntime) referenced 2 times from ws2812fx.o(.data)
 <LI><a href="#[6b]">WS2812FX_getSegmentRuntime_active</a> from ws2812fx.o(i.WS2812FX_getSegmentRuntime_active) referenced 2 times from ws2812fx.o(.data)
 <LI><a href="#[6d]">WS2812FX_getSegmentRuntimes</a> from ws2812fx.o(i.WS2812FX_getSegmentRuntimes) referenced 2 times from ws2812fx.o(.data)
 <LI><a href="#[68]">WS2812FX_getSegment_active</a> from ws2812fx.o(i.WS2812FX_getSegment_active) referenced 2 times from ws2812fx.o(.data)
 <LI><a href="#[6a]">WS2812FX_getSegments</a> from ws2812fx.o(i.WS2812FX_getSegments) referenced 2 times from ws2812fx.o(.data)
 <LI><a href="#[5e]">WS2812FX_getSpeed</a> from ws2812fx.o(i.WS2812FX_getSpeed) referenced 2 times from ws2812fx.o(.data)
 <LI><a href="#[5b]">WS2812FX_get_random_wheel_index</a> from ws2812fx.o(i.WS2812FX_get_random_wheel_index) referenced 2 times from ws2812fx.o(.data)
 <LI><a href="#[35]">WS2812FX_increaseBrightness</a> from ws2812fx.o(i.WS2812FX_increaseBrightness) referenced 2 times from ws2812fx.o(.data)
 <LI><a href="#[38]">WS2812FX_increaseLength</a> from ws2812fx.o(i.WS2812FX_increaseLength) referenced 2 times from ws2812fx.o(.data)
 <LI><a href="#[2d]">WS2812FX_increaseSpeed</a> from ws2812fx.o(i.WS2812FX_increaseSpeed) referenced 2 times from ws2812fx.o(.data)
 <LI><a href="#[23]">WS2812FX_init</a> from ws2812fx.o(i.WS2812FX_init) referenced 2 times from ws2812fx.o(.data)
 <LI><a href="#[64]">WS2812FX_intensitySum</a> from ws2812fx.o(i.WS2812FX_intensitySum) referenced 2 times from ws2812fx.o(.data)
 <LI><a href="#[65]">WS2812FX_intensitySums</a> from ws2812fx.o(i.WS2812FX_intensitySums) referenced 2 times from ws2812fx.o(.data)
 <LI><a href="#[53]">WS2812FX_isActiveSegment</a> from ws2812fx.o(i.WS2812FX_isActiveSegment) referenced 2 times from ws2812fx.o(.data)
 <LI><a href="#[52]">WS2812FX_isCycle</a> from ws2812fx.o(i.WS2812FX_isCycle) referenced 2 times from ws2812fx.o(.data)
 <LI><a href="#[51]">WS2812FX_isFrame</a> from ws2812fx.o(i.WS2812FX_isFrame) referenced 2 times from ws2812fx.o(.data)
 <LI><a href="#[4f]">WS2812FX_isRunning</a> from ws2812fx.o(i.WS2812FX_isRunning) referenced 2 times from ws2812fx.o(.data)
 <LI><a href="#[50]">WS2812FX_isTriggered</a> from ws2812fx.o(i.WS2812FX_isTriggered) referenced 2 times from ws2812fx.o(.data)
 <LI><a href="#[f0]">WS2812FX_mode_bicolor_chase</a> from modes.o(i.WS2812FX_mode_bicolor_chase) referenced from modes.o(.constdata)
 <LI><a href="#[bc]">WS2812FX_mode_blink</a> from modes.o(i.WS2812FX_mode_blink) referenced from modes.o(.constdata)
 <LI><a href="#[d8]">WS2812FX_mode_blink_rainbow</a> from modes.o(i.WS2812FX_mode_blink_rainbow) referenced from modes.o(.constdata)
 <LI><a href="#[bd]">WS2812FX_mode_breath</a> from modes.o(i.WS2812FX_mode_breath) referenced from modes.o(.constdata)
 <LI><a href="#[e0]">WS2812FX_mode_chase_blackout</a> from modes.o(i.WS2812FX_mode_chase_blackout) referenced from modes.o(.constdata)
 <LI><a href="#[e1]">WS2812FX_mode_chase_blackout_rainbow</a> from modes.o(i.WS2812FX_mode_chase_blackout_rainbow) referenced from modes.o(.constdata)
 <LI><a href="#[da]">WS2812FX_mode_chase_color</a> from modes.o(i.WS2812FX_mode_chase_color) referenced from modes.o(.constdata)
 <LI><a href="#[dd]">WS2812FX_mode_chase_flash</a> from modes.o(i.WS2812FX_mode_chase_flash) referenced from modes.o(.constdata)
 <LI><a href="#[de]">WS2812FX_mode_chase_flash_random</a> from modes.o(i.WS2812FX_mode_chase_flash_random) referenced from modes.o(.constdata)
 <LI><a href="#[dc]">WS2812FX_mode_chase_rainbow</a> from modes.o(i.WS2812FX_mode_chase_rainbow) referenced from modes.o(.constdata)
 <LI><a href="#[df]">WS2812FX_mode_chase_rainbow_white</a> from modes.o(i.WS2812FX_mode_chase_rainbow_white) referenced from modes.o(.constdata)
 <LI><a href="#[db]">WS2812FX_mode_chase_random</a> from modes.o(i.WS2812FX_mode_chase_random) referenced from modes.o(.constdata)
 <LI><a href="#[d9]">WS2812FX_mode_chase_white</a> from modes.o(i.WS2812FX_mode_chase_white) referenced from modes.o(.constdata)
 <LI><a href="#[ee]">WS2812FX_mode_circus_combustus</a> from modes.o(i.WS2812FX_mode_circus_combustus) referenced from modes.o(.constdata)
 <LI><a href="#[e2]">WS2812FX_mode_color_sweep_random</a> from modes.o(i.WS2812FX_mode_color_sweep_random) referenced from modes.o(.constdata)
 <LI><a href="#[be]">WS2812FX_mode_color_wipe</a> from modes.o(i.WS2812FX_mode_color_wipe) referenced from modes.o(.constdata)
 <LI><a href="#[bf]">WS2812FX_mode_color_wipe_inv</a> from modes.o(i.WS2812FX_mode_color_wipe_inv) referenced from modes.o(.constdata)
 <LI><a href="#[c2]">WS2812FX_mode_color_wipe_random</a> from modes.o(i.WS2812FX_mode_color_wipe_random) referenced from modes.o(.constdata)
 <LI><a href="#[c0]">WS2812FX_mode_color_wipe_rev</a> from modes.o(i.WS2812FX_mode_color_wipe_rev) referenced from modes.o(.constdata)
 <LI><a href="#[c1]">WS2812FX_mode_color_wipe_rev_inv</a> from modes.o(i.WS2812FX_mode_color_wipe_rev_inv) referenced from modes.o(.constdata)
 <LI><a href="#[e7]">WS2812FX_mode_comet</a> from modes.o(i.WS2812FX_mode_comet) referenced from modes.o(.constdata)
 <LI><a href="#[f4]">WS2812FX_mode_custom_0</a> from modes.o(i.WS2812FX_mode_custom_0) referenced from modes.o(.constdata)
 <LI><a href="#[f5]">WS2812FX_mode_custom_1</a> from modes.o(i.WS2812FX_mode_custom_1) referenced from modes.o(.constdata)
 <LI><a href="#[f6]">WS2812FX_mode_custom_2</a> from modes.o(i.WS2812FX_mode_custom_2) referenced from modes.o(.constdata)
 <LI><a href="#[f7]">WS2812FX_mode_custom_3</a> from modes.o(i.WS2812FX_mode_custom_3) referenced from modes.o(.constdata)
 <LI><a href="#[f8]">WS2812FX_mode_custom_4</a> from modes.o(i.WS2812FX_mode_custom_4) referenced from modes.o(.constdata)
 <LI><a href="#[f9]">WS2812FX_mode_custom_5</a> from modes.o(i.WS2812FX_mode_custom_5) referenced from modes.o(.constdata)
 <LI><a href="#[fa]">WS2812FX_mode_custom_6</a> from modes.o(i.WS2812FX_mode_custom_6) referenced from modes.o(.constdata)
 <LI><a href="#[fb]">WS2812FX_mode_custom_7</a> from modes.o(i.WS2812FX_mode_custom_7) referenced from modes.o(.constdata)
 <LI><a href="#[c9]">WS2812FX_mode_dual_scan</a> from modes.o(i.WS2812FX_mode_dual_scan) referenced from modes.o(.constdata)
 <LI><a href="#[ca]">WS2812FX_mode_fade</a> from modes.o(i.WS2812FX_mode_fade) referenced from modes.o(.constdata)
 <LI><a href="#[eb]">WS2812FX_mode_fire_flicker</a> from modes.o(i.WS2812FX_mode_fire_flicker) referenced from modes.o(.constdata)
 <LI><a href="#[ed]">WS2812FX_mode_fire_flicker_intense</a> from modes.o(i.WS2812FX_mode_fire_flicker_intense) referenced from modes.o(.constdata)
 <LI><a href="#[ec]">WS2812FX_mode_fire_flicker_soft</a> from modes.o(i.WS2812FX_mode_fire_flicker_soft) referenced from modes.o(.constdata)
 <LI><a href="#[e8]">WS2812FX_mode_fireworks</a> from modes.o(i.WS2812FX_mode_fireworks) referenced from modes.o(.constdata)
 <LI><a href="#[e9]">WS2812FX_mode_fireworks_random</a> from modes.o(i.WS2812FX_mode_fireworks_random) referenced from modes.o(.constdata)
 <LI><a href="#[d3]">WS2812FX_mode_flash_sparkle</a> from modes.o(i.WS2812FX_mode_flash_sparkle) referenced from modes.o(.constdata)
 <LI><a href="#[ef]">WS2812FX_mode_halloween</a> from modes.o(i.WS2812FX_mode_halloween) referenced from modes.o(.constdata)
 <LI><a href="#[d4]">WS2812FX_mode_hyper_sparkle</a> from modes.o(i.WS2812FX_mode_hyper_sparkle) referenced from modes.o(.constdata)
 <LI><a href="#[e6]">WS2812FX_mode_larson_scanner</a> from modes.o(i.WS2812FX_mode_larson_scanner) referenced from modes.o(.constdata)
 <LI><a href="#[ea]">WS2812FX_mode_merry_christmas</a> from modes.o(i.WS2812FX_mode_merry_christmas) referenced from modes.o(.constdata)
 <LI><a href="#[c5]">WS2812FX_mode_multi_dynamic</a> from modes.o(i.WS2812FX_mode_multi_dynamic) referenced from modes.o(.constdata)
 <LI><a href="#[d7]">WS2812FX_mode_multi_strobe</a> from modes.o(i.WS2812FX_mode_multi_strobe) referenced from modes.o(.constdata)
 <LI><a href="#[f3]">WS2812FX_mode_rain</a> from modes.o(i.WS2812FX_mode_rain) referenced from modes.o(.constdata)
 <LI><a href="#[c6]">WS2812FX_mode_rainbow</a> from modes.o(i.WS2812FX_mode_rainbow) referenced from modes.o(.constdata)
 <LI><a href="#[c7]">WS2812FX_mode_rainbow_cycle</a> from modes.o(i.WS2812FX_mode_rainbow_cycle) referenced from modes.o(.constdata)
 <LI><a href="#[c3]">WS2812FX_mode_random_color</a> from modes.o(i.WS2812FX_mode_random_color) referenced from modes.o(.constdata)
 <LI><a href="#[e3]">WS2812FX_mode_running_color</a> from modes.o(i.WS2812FX_mode_running_color) referenced from modes.o(.constdata)
 <LI><a href="#[cd]">WS2812FX_mode_running_lights</a> from modes.o(i.WS2812FX_mode_running_lights) referenced from modes.o(.constdata)
 <LI><a href="#[e5]">WS2812FX_mode_running_random</a> from modes.o(i.WS2812FX_mode_running_random) referenced from modes.o(.constdata)
 <LI><a href="#[e4]">WS2812FX_mode_running_red_blue</a> from modes.o(i.WS2812FX_mode_running_red_blue) referenced from modes.o(.constdata)
 <LI><a href="#[c8]">WS2812FX_mode_scan</a> from modes.o(i.WS2812FX_mode_scan) referenced from modes.o(.constdata)
 <LI><a href="#[c4]">WS2812FX_mode_single_dynamic</a> from modes.o(i.WS2812FX_mode_single_dynamic) referenced from modes.o(.constdata)
 <LI><a href="#[d2]">WS2812FX_mode_sparkle</a> from modes.o(i.WS2812FX_mode_sparkle) referenced from modes.o(.constdata)
 <LI><a href="#[bb]">WS2812FX_mode_static</a> from modes.o(i.WS2812FX_mode_static) referenced from modes.o(.constdata)
 <LI><a href="#[d5]">WS2812FX_mode_strobe</a> from modes.o(i.WS2812FX_mode_strobe) referenced from modes.o(.constdata)
 <LI><a href="#[d6]">WS2812FX_mode_strobe_rainbow</a> from modes.o(i.WS2812FX_mode_strobe_rainbow) referenced from modes.o(.constdata)
 <LI><a href="#[cb]">WS2812FX_mode_theater_chase</a> from modes.o(i.WS2812FX_mode_theater_chase) referenced from modes.o(.constdata)
 <LI><a href="#[cc]">WS2812FX_mode_theater_chase_rainbow</a> from modes.o(i.WS2812FX_mode_theater_chase_rainbow) referenced from modes.o(.constdata)
 <LI><a href="#[f1]">WS2812FX_mode_tricolor_chase</a> from modes.o(i.WS2812FX_mode_tricolor_chase) referenced from modes.o(.constdata)
 <LI><a href="#[ce]">WS2812FX_mode_twinkle</a> from modes.o(i.WS2812FX_mode_twinkle) referenced from modes.o(.constdata)
 <LI><a href="#[f2]">WS2812FX_mode_twinkleFOX</a> from modes.o(i.WS2812FX_mode_twinkleFOX) referenced from modes.o(.constdata)
 <LI><a href="#[d0]">WS2812FX_mode_twinkle_fade</a> from modes.o(i.WS2812FX_mode_twinkle_fade) referenced from modes.o(.constdata)
 <LI><a href="#[d1]">WS2812FX_mode_twinkle_fade_random</a> from modes.o(i.WS2812FX_mode_twinkle_fade_random) referenced from modes.o(.constdata)
 <LI><a href="#[cf]">WS2812FX_mode_twinkle_random</a> from modes.o(i.WS2812FX_mode_twinkle_random) referenced from modes.o(.constdata)
 <LI><a href="#[26]">WS2812FX_pause</a> from ws2812fx.o(i.WS2812FX_pause) referenced 2 times from ws2812fx.o(.data)
 <LI><a href="#[56]">WS2812FX_random</a> from ws2812fx.o(i.WS2812FX_random) referenced 2 times from ws2812fx.o(.data)
 <LI><a href="#[54]">WS2812FX_random8</a> from ws2812fx.o(i.WS2812FX_random8) referenced 2 times from ws2812fx.o(.data)
 <LI><a href="#[55]">WS2812FX_random8_lim</a> from ws2812fx.o(i.WS2812FX_random8_lim) referenced 2 times from ws2812fx.o(.data)
 <LI><a href="#[42]">WS2812FX_removeActiveSegment</a> from ws2812fx.o(i.WS2812FX_removeActiveSegment) referenced 2 times from ws2812fx.o(.data)
 <LI><a href="#[46]">WS2812FX_resetSegmentRuntime</a> from ws2812fx.o(i.WS2812FX_resetSegmentRuntime) referenced 2 times from ws2812fx.o(.data)
 <LI><a href="#[45]">WS2812FX_resetSegmentRuntimes</a> from ws2812fx.o(i.WS2812FX_resetSegmentRuntimes) referenced 2 times from ws2812fx.o(.data)
 <LI><a href="#[44]">WS2812FX_resetSegments</a> from ws2812fx.o(i.WS2812FX_resetSegments) referenced 2 times from ws2812fx.o(.data)
 <LI><a href="#[27]">WS2812FX_resume</a> from ws2812fx.o(i.WS2812FX_resume) referenced 2 times from ws2812fx.o(.data)
 <LI><a href="#[1c]">WS2812FX_running</a> from modes_funcs.o(i.WS2812FX_running) referenced 2 times from modes_funcs.o(.data)
 <LI><a href="#[1d]">WS2812FX_scan</a> from modes_funcs.o(i.WS2812FX_scan) referenced 2 times from modes_funcs.o(.data)
 <LI><a href="#[4e]">WS2812FX_service</a> from ws2812fx.o(i.WS2812FX_service) referenced 2 times from ws2812fx.o(.data)
 <LI><a href="#[34]">WS2812FX_setBrightness</a> from ws2812fx.o(i.WS2812FX_setBrightness) referenced 2 times from ws2812fx.o(.data)
 <LI><a href="#[31]">WS2812FX_setColor</a> from ws2812fx.o(i.WS2812FX_setColor) referenced 2 times from ws2812fx.o(.data)
 <LI><a href="#[2f]">WS2812FX_setColor_rgb</a> from ws2812fx.o(i.WS2812FX_setColor_rgb) referenced 2 times from ws2812fx.o(.data)
 <LI><a href="#[30]">WS2812FX_setColor_rgbw</a> from ws2812fx.o(i.WS2812FX_setColor_rgbw) referenced 2 times from ws2812fx.o(.data)
 <LI><a href="#[32]">WS2812FX_setColor_seg</a> from ws2812fx.o(i.WS2812FX_setColor_seg) referenced 2 times from ws2812fx.o(.data)
 <LI><a href="#[33]">WS2812FX_setColors</a> from ws2812fx.o(i.WS2812FX_setColors) referenced 2 times from ws2812fx.o(.data)
 <LI><a href="#[59]">WS2812FX_setCustomMode</a> from ws2812fx.o(i.WS2812FX_setCustomMode) referenced 2 times from ws2812fx.o(.data)
 <LI><a href="#[2b]">WS2812FX_setCustomShow</a> from ws2812fx.o(i.WS2812FX_setCustomShow) referenced 2 times from ws2812fx.o(.data)
 <LI><a href="#[3b]">WS2812FX_setCycle</a> from ws2812fx.o(i.WS2812FX_setCycle) referenced 2 times from ws2812fx.o(.data)
 <LI><a href="#[3f]">WS2812FX_setIdleSegment</a> from ws2812fx.o(i.WS2812FX_setIdleSegment) referenced 2 times from ws2812fx.o(.data)
 <LI><a href="#[40]">WS2812FX_setIdleSegment_colors</a> from ws2812fx.o(i.WS2812FX_setIdleSegment_colors) referenced 2 times from ws2812fx.o(.data)
 <LI><a href="#[37]">WS2812FX_setLength</a> from ws2812fx.o(i.WS2812FX_setLength) referenced 2 times from ws2812fx.o(.data)
 <LI><a href="#[29]">WS2812FX_setMode</a> from ws2812fx.o(i.WS2812FX_setMode) referenced 2 times from ws2812fx.o(.data)
 <LI><a href="#[3c]">WS2812FX_setNumSegments</a> from ws2812fx.o(i.WS2812FX_setNumSegments) referenced 2 times from ws2812fx.o(.data)
 <LI><a href="#[2a]">WS2812FX_setOptions</a> from ws2812fx.o(i.WS2812FX_setOptions) referenced 2 times from ws2812fx.o(.data)
 <LI><a href="#[47]">WS2812FX_setPixelColor</a> from ws2812fx.o(i.WS2812FX_setPixelColor) referenced 2 times from ws2812fx.o(.data)
 <LI><a href="#[48]">WS2812FX_setPixelColor_rgb</a> from ws2812fx.o(i.WS2812FX_setPixelColor_rgb) referenced 2 times from ws2812fx.o(.data)
 <LI><a href="#[49]">WS2812FX_setPixelColor_rgbw</a> from ws2812fx.o(i.WS2812FX_setPixelColor_rgbw) referenced 2 times from ws2812fx.o(.data)
 <LI><a href="#[4b]">WS2812FX_setPixels</a> from ws2812fx.o(i.WS2812FX_setPixels) referenced 2 times from ws2812fx.o(.data)
 <LI><a href="#[4c]">WS2812FX_setRandomSeed</a> from ws2812fx.o(i.WS2812FX_setRandomSeed) referenced 2 times from ws2812fx.o(.data)
 <LI><a href="#[3d]">WS2812FX_setSegment</a> from ws2812fx.o(i.WS2812FX_setSegment) referenced 2 times from ws2812fx.o(.data)
 <LI><a href="#[3e]">WS2812FX_setSegment_colors</a> from ws2812fx.o(i.WS2812FX_setSegment_colors) referenced 2 times from ws2812fx.o(.data)
 <LI><a href="#[2c]">WS2812FX_setSpeed</a> from ws2812fx.o(i.WS2812FX_setSpeed) referenced 2 times from ws2812fx.o(.data)
 <LI><a href="#[4d]">WS2812FX_show</a> from ws2812fx.o(i.WS2812FX_show) referenced 2 times from ws2812fx.o(.data)
 <LI><a href="#[1e]">WS2812FX_sparkle</a> from modes_funcs.o(i.WS2812FX_sparkle) referenced 2 times from modes_funcs.o(.data)
 <LI><a href="#[24]">WS2812FX_start</a> from ws2812fx.o(i.WS2812FX_start) referenced 2 times from ws2812fx.o(.data)
 <LI><a href="#[25]">WS2812FX_stop</a> from ws2812fx.o(i.WS2812FX_stop) referenced 2 times from ws2812fx.o(.data)
 <LI><a href="#[28]">WS2812FX_strip_off</a> from ws2812fx.o(i.WS2812FX_strip_off) referenced 2 times from ws2812fx.o(.data)
 <LI><a href="#[22]">WS2812FX_structure</a> from ws2812fx.o(i.WS2812FX_structure) referenced 2 times from ws2812fx.o(.data)
 <LI><a href="#[43]">WS2812FX_swapActiveSegment</a> from ws2812fx.o(i.WS2812FX_swapActiveSegment) referenced 2 times from ws2812fx.o(.data)
 <LI><a href="#[1f]">WS2812FX_tricolor_chase</a> from modes_funcs.o(i.WS2812FX_tricolor_chase) referenced 2 times from modes_funcs.o(.data)
 <LI><a href="#[3a]">WS2812FX_trigger</a> from ws2812fx.o(i.WS2812FX_trigger) referenced 2 times from ws2812fx.o(.data)
 <LI><a href="#[20]">WS2812FX_twinkle</a> from modes_funcs.o(i.WS2812FX_twinkle) referenced 2 times from modes_funcs.o(.data)
 <LI><a href="#[21]">WS2812FX_twinkle_fade</a> from modes_funcs.o(i.WS2812FX_twinkle_fade) referenced 2 times from modes_funcs.o(.data)
 <LI><a href="#[ba]">WS2812_send</a> from ws2812.o(i.WS2812_send) referenced from main.o(i.main)
 <LI><a href="#[78]">WWDG_IRQHandler</a> from startup_stm32f103xe.o(.text) referenced from startup_stm32f103xe.o(RESET)
 <LI><a href="#[b6]">__main</a> from entry.o(.ARM.Collect$$$$00000000) referenced from startup_stm32f103xe.o(.text)
 <LI><a href="#[12]">customModes_Default</a> from modes.o(i.customModes_Default) referenced 16 times from modes.o(.data)
 <LI><a href="#[b4]">main</a> from main.o(i.main) referenced from entry9a.o(.ARM.Collect$$$$0000000B)
</UL>
<P>
<H3>
Global Symbols
</H3>
<P><STRONG><a name="[b6]"></a>__main</STRONG> (Thumb, 0 bytes, Stack size unknown bytes, entry.o(.ARM.Collect$$$$00000000))
<BR>[Address Reference Count : 1]<UL><LI> startup_stm32f103xe.o(.text)
</UL>
<P><STRONG><a name="[129]"></a>_main_stk</STRONG> (Thumb, 0 bytes, Stack size unknown bytes, entry2.o(.ARM.Collect$$$$00000001))

<P><STRONG><a name="[fc]"></a>_main_scatterload</STRONG> (Thumb, 0 bytes, Stack size unknown bytes, entry5.o(.ARM.Collect$$$$00000004))
<BR><BR>[Calls]<UL><LI><a href="#[fd]">&gt;&gt;</a>&nbsp;&nbsp;&nbsp;__scatterload
</UL>

<P><STRONG><a name="[101]"></a>__main_after_scatterload</STRONG> (Thumb, 0 bytes, Stack size unknown bytes, entry5.o(.ARM.Collect$$$$00000004))
<BR><BR>[Called By]<UL><LI><a href="#[fd]">&gt;&gt;</a>&nbsp;&nbsp;&nbsp;__scatterload
</UL>

<P><STRONG><a name="[12a]"></a>_main_clock</STRONG> (Thumb, 0 bytes, Stack size unknown bytes, entry7b.o(.ARM.Collect$$$$00000008))

<P><STRONG><a name="[12b]"></a>_main_cpp_init</STRONG> (Thumb, 0 bytes, Stack size unknown bytes, entry8b.o(.ARM.Collect$$$$0000000A))

<P><STRONG><a name="[12c]"></a>_main_init</STRONG> (Thumb, 0 bytes, Stack size unknown bytes, entry9a.o(.ARM.Collect$$$$0000000B))

<P><STRONG><a name="[12d]"></a>__rt_final_cpp</STRONG> (Thumb, 0 bytes, Stack size unknown bytes, entry10a.o(.ARM.Collect$$$$0000000D))

<P><STRONG><a name="[12e]"></a>__rt_final_exit</STRONG> (Thumb, 0 bytes, Stack size unknown bytes, entry11a.o(.ARM.Collect$$$$0000000F))

<P><STRONG><a name="[6e]"></a>Reset_Handler</STRONG> (Thumb, 8 bytes, Stack size 0 bytes, startup_stm32f103xe.o(.text))
<BR>[Address Reference Count : 1]<UL><LI> startup_stm32f103xe.o(RESET)
</UL>
<P><STRONG><a name="[8a]"></a>ADC1_2_IRQHandler</STRONG> (Thumb, 0 bytes, Stack size 0 bytes, startup_stm32f103xe.o(.text))
<BR><BR>[Calls]<UL><LI><a href="#[8a]">&gt;&gt;</a>&nbsp;&nbsp;&nbsp;ADC1_2_IRQHandler
</UL>
<BR>[Called By]<UL><LI><a href="#[8a]">&gt;&gt;</a>&nbsp;&nbsp;&nbsp;ADC1_2_IRQHandler
</UL>
<BR>[Address Reference Count : 1]<UL><LI> startup_stm32f103xe.o(RESET)
</UL>
<P><STRONG><a name="[a7]"></a>ADC3_IRQHandler</STRONG> (Thumb, 0 bytes, Stack size 0 bytes, startup_stm32f103xe.o(.text))
<BR>[Address Reference Count : 1]<UL><LI> startup_stm32f103xe.o(RESET)
</UL>
<P><STRONG><a name="[8d]"></a>CAN1_RX1_IRQHandler</STRONG> (Thumb, 0 bytes, Stack size 0 bytes, startup_stm32f103xe.o(.text))
<BR>[Address Reference Count : 1]<UL><LI> startup_stm32f103xe.o(RESET)
</UL>
<P><STRONG><a name="[8e]"></a>CAN1_SCE_IRQHandler</STRONG> (Thumb, 0 bytes, Stack size 0 bytes, startup_stm32f103xe.o(.text))
<BR>[Address Reference Count : 1]<UL><LI> startup_stm32f103xe.o(RESET)
</UL>
<P><STRONG><a name="[83]"></a>DMA1_Channel1_IRQHandler</STRONG> (Thumb, 0 bytes, Stack size 0 bytes, startup_stm32f103xe.o(.text))
<BR>[Address Reference Count : 1]<UL><LI> startup_stm32f103xe.o(RESET)
</UL>
<P><STRONG><a name="[84]"></a>DMA1_Channel2_IRQHandler</STRONG> (Thumb, 0 bytes, Stack size 0 bytes, startup_stm32f103xe.o(.text))
<BR>[Address Reference Count : 1]<UL><LI> startup_stm32f103xe.o(RESET)
</UL>
<P><STRONG><a name="[86]"></a>DMA1_Channel4_IRQHandler</STRONG> (Thumb, 0 bytes, Stack size 0 bytes, startup_stm32f103xe.o(.text))
<BR>[Address Reference Count : 1]<UL><LI> startup_stm32f103xe.o(RESET)
</UL>
<P><STRONG><a name="[87]"></a>DMA1_Channel5_IRQHandler</STRONG> (Thumb, 0 bytes, Stack size 0 bytes, startup_stm32f103xe.o(.text))
<BR>[Address Reference Count : 1]<UL><LI> startup_stm32f103xe.o(RESET)
</UL>
<P><STRONG><a name="[88]"></a>DMA1_Channel6_IRQHandler</STRONG> (Thumb, 0 bytes, Stack size 0 bytes, startup_stm32f103xe.o(.text))
<BR>[Address Reference Count : 1]<UL><LI> startup_stm32f103xe.o(RESET)
</UL>
<P><STRONG><a name="[89]"></a>DMA1_Channel7_IRQHandler</STRONG> (Thumb, 0 bytes, Stack size 0 bytes, startup_stm32f103xe.o(.text))
<BR>[Address Reference Count : 1]<UL><LI> startup_stm32f103xe.o(RESET)
</UL>
<P><STRONG><a name="[b0]"></a>DMA2_Channel1_IRQHandler</STRONG> (Thumb, 0 bytes, Stack size 0 bytes, startup_stm32f103xe.o(.text))
<BR>[Address Reference Count : 1]<UL><LI> startup_stm32f103xe.o(RESET)
</UL>
<P><STRONG><a name="[b1]"></a>DMA2_Channel2_IRQHandler</STRONG> (Thumb, 0 bytes, Stack size 0 bytes, startup_stm32f103xe.o(.text))
<BR>[Address Reference Count : 1]<UL><LI> startup_stm32f103xe.o(RESET)
</UL>
<P><STRONG><a name="[b2]"></a>DMA2_Channel3_IRQHandler</STRONG> (Thumb, 0 bytes, Stack size 0 bytes, startup_stm32f103xe.o(.text))
<BR>[Address Reference Count : 1]<UL><LI> startup_stm32f103xe.o(RESET)
</UL>
<P><STRONG><a name="[b3]"></a>DMA2_Channel4_5_IRQHandler</STRONG> (Thumb, 0 bytes, Stack size 0 bytes, startup_stm32f103xe.o(.text))
<BR>[Address Reference Count : 1]<UL><LI> startup_stm32f103xe.o(RESET)
</UL>
<P><STRONG><a name="[7e]"></a>EXTI0_IRQHandler</STRONG> (Thumb, 0 bytes, Stack size 0 bytes, startup_stm32f103xe.o(.text))
<BR>[Address Reference Count : 1]<UL><LI> startup_stm32f103xe.o(RESET)
</UL>
<P><STRONG><a name="[a0]"></a>EXTI15_10_IRQHandler</STRONG> (Thumb, 0 bytes, Stack size 0 bytes, startup_stm32f103xe.o(.text))
<BR>[Address Reference Count : 1]<UL><LI> startup_stm32f103xe.o(RESET)
</UL>
<P><STRONG><a name="[7f]"></a>EXTI1_IRQHandler</STRONG> (Thumb, 0 bytes, Stack size 0 bytes, startup_stm32f103xe.o(.text))
<BR>[Address Reference Count : 1]<UL><LI> startup_stm32f103xe.o(RESET)
</UL>
<P><STRONG><a name="[80]"></a>EXTI2_IRQHandler</STRONG> (Thumb, 0 bytes, Stack size 0 bytes, startup_stm32f103xe.o(.text))
<BR>[Address Reference Count : 1]<UL><LI> startup_stm32f103xe.o(RESET)
</UL>
<P><STRONG><a name="[81]"></a>EXTI3_IRQHandler</STRONG> (Thumb, 0 bytes, Stack size 0 bytes, startup_stm32f103xe.o(.text))
<BR>[Address Reference Count : 1]<UL><LI> startup_stm32f103xe.o(RESET)
</UL>
<P><STRONG><a name="[82]"></a>EXTI4_IRQHandler</STRONG> (Thumb, 0 bytes, Stack size 0 bytes, startup_stm32f103xe.o(.text))
<BR>[Address Reference Count : 1]<UL><LI> startup_stm32f103xe.o(RESET)
</UL>
<P><STRONG><a name="[8f]"></a>EXTI9_5_IRQHandler</STRONG> (Thumb, 0 bytes, Stack size 0 bytes, startup_stm32f103xe.o(.text))
<BR>[Address Reference Count : 1]<UL><LI> startup_stm32f103xe.o(RESET)
</UL>
<P><STRONG><a name="[7c]"></a>FLASH_IRQHandler</STRONG> (Thumb, 0 bytes, Stack size 0 bytes, startup_stm32f103xe.o(.text))
<BR>[Address Reference Count : 1]<UL><LI> startup_stm32f103xe.o(RESET)
</UL>
<P><STRONG><a name="[a8]"></a>FSMC_IRQHandler</STRONG> (Thumb, 0 bytes, Stack size 0 bytes, startup_stm32f103xe.o(.text))
<BR>[Address Reference Count : 1]<UL><LI> startup_stm32f103xe.o(RESET)
</UL>
<P><STRONG><a name="[98]"></a>I2C1_ER_IRQHandler</STRONG> (Thumb, 0 bytes, Stack size 0 bytes, startup_stm32f103xe.o(.text))
<BR>[Address Reference Count : 1]<UL><LI> startup_stm32f103xe.o(RESET)
</UL>
<P><STRONG><a name="[97]"></a>I2C1_EV_IRQHandler</STRONG> (Thumb, 0 bytes, Stack size 0 bytes, startup_stm32f103xe.o(.text))
<BR>[Address Reference Count : 1]<UL><LI> startup_stm32f103xe.o(RESET)
</UL>
<P><STRONG><a name="[9a]"></a>I2C2_ER_IRQHandler</STRONG> (Thumb, 0 bytes, Stack size 0 bytes, startup_stm32f103xe.o(.text))
<BR>[Address Reference Count : 1]<UL><LI> startup_stm32f103xe.o(RESET)
</UL>
<P><STRONG><a name="[99]"></a>I2C2_EV_IRQHandler</STRONG> (Thumb, 0 bytes, Stack size 0 bytes, startup_stm32f103xe.o(.text))
<BR>[Address Reference Count : 1]<UL><LI> startup_stm32f103xe.o(RESET)
</UL>
<P><STRONG><a name="[79]"></a>PVD_IRQHandler</STRONG> (Thumb, 0 bytes, Stack size 0 bytes, startup_stm32f103xe.o(.text))
<BR>[Address Reference Count : 1]<UL><LI> startup_stm32f103xe.o(RESET)
</UL>
<P><STRONG><a name="[7d]"></a>RCC_IRQHandler</STRONG> (Thumb, 0 bytes, Stack size 0 bytes, startup_stm32f103xe.o(.text))
<BR>[Address Reference Count : 1]<UL><LI> startup_stm32f103xe.o(RESET)
</UL>
<P><STRONG><a name="[a1]"></a>RTC_Alarm_IRQHandler</STRONG> (Thumb, 0 bytes, Stack size 0 bytes, startup_stm32f103xe.o(.text))
<BR>[Address Reference Count : 1]<UL><LI> startup_stm32f103xe.o(RESET)
</UL>
<P><STRONG><a name="[7b]"></a>RTC_IRQHandler</STRONG> (Thumb, 0 bytes, Stack size 0 bytes, startup_stm32f103xe.o(.text))
<BR>[Address Reference Count : 1]<UL><LI> startup_stm32f103xe.o(RESET)
</UL>
<P><STRONG><a name="[a9]"></a>SDIO_IRQHandler</STRONG> (Thumb, 0 bytes, Stack size 0 bytes, startup_stm32f103xe.o(.text))
<BR>[Address Reference Count : 1]<UL><LI> startup_stm32f103xe.o(RESET)
</UL>
<P><STRONG><a name="[9b]"></a>SPI1_IRQHandler</STRONG> (Thumb, 0 bytes, Stack size 0 bytes, startup_stm32f103xe.o(.text))
<BR>[Address Reference Count : 1]<UL><LI> startup_stm32f103xe.o(RESET)
</UL>
<P><STRONG><a name="[9c]"></a>SPI2_IRQHandler</STRONG> (Thumb, 0 bytes, Stack size 0 bytes, startup_stm32f103xe.o(.text))
<BR>[Address Reference Count : 1]<UL><LI> startup_stm32f103xe.o(RESET)
</UL>
<P><STRONG><a name="[ab]"></a>SPI3_IRQHandler</STRONG> (Thumb, 0 bytes, Stack size 0 bytes, startup_stm32f103xe.o(.text))
<BR>[Address Reference Count : 1]<UL><LI> startup_stm32f103xe.o(RESET)
</UL>
<P><STRONG><a name="[7a]"></a>TAMPER_IRQHandler</STRONG> (Thumb, 0 bytes, Stack size 0 bytes, startup_stm32f103xe.o(.text))
<BR>[Address Reference Count : 1]<UL><LI> startup_stm32f103xe.o(RESET)
</UL>
<P><STRONG><a name="[90]"></a>TIM1_BRK_IRQHandler</STRONG> (Thumb, 0 bytes, Stack size 0 bytes, startup_stm32f103xe.o(.text))
<BR>[Address Reference Count : 1]<UL><LI> startup_stm32f103xe.o(RESET)
</UL>
<P><STRONG><a name="[93]"></a>TIM1_CC_IRQHandler</STRONG> (Thumb, 0 bytes, Stack size 0 bytes, startup_stm32f103xe.o(.text))
<BR>[Address Reference Count : 1]<UL><LI> startup_stm32f103xe.o(RESET)
</UL>
<P><STRONG><a name="[92]"></a>TIM1_TRG_COM_IRQHandler</STRONG> (Thumb, 0 bytes, Stack size 0 bytes, startup_stm32f103xe.o(.text))
<BR>[Address Reference Count : 1]<UL><LI> startup_stm32f103xe.o(RESET)
</UL>
<P><STRONG><a name="[91]"></a>TIM1_UP_IRQHandler</STRONG> (Thumb, 0 bytes, Stack size 0 bytes, startup_stm32f103xe.o(.text))
<BR>[Address Reference Count : 1]<UL><LI> startup_stm32f103xe.o(RESET)
</UL>
<P><STRONG><a name="[94]"></a>TIM2_IRQHandler</STRONG> (Thumb, 0 bytes, Stack size 0 bytes, startup_stm32f103xe.o(.text))
<BR>[Address Reference Count : 1]<UL><LI> startup_stm32f103xe.o(RESET)
</UL>
<P><STRONG><a name="[95]"></a>TIM3_IRQHandler</STRONG> (Thumb, 0 bytes, Stack size 0 bytes, startup_stm32f103xe.o(.text))
<BR>[Address Reference Count : 1]<UL><LI> startup_stm32f103xe.o(RESET)
</UL>
<P><STRONG><a name="[96]"></a>TIM4_IRQHandler</STRONG> (Thumb, 0 bytes, Stack size 0 bytes, startup_stm32f103xe.o(.text))
<BR>[Address Reference Count : 1]<UL><LI> startup_stm32f103xe.o(RESET)
</UL>
<P><STRONG><a name="[aa]"></a>TIM5_IRQHandler</STRONG> (Thumb, 0 bytes, Stack size 0 bytes, startup_stm32f103xe.o(.text))
<BR>[Address Reference Count : 1]<UL><LI> startup_stm32f103xe.o(RESET)
</UL>
<P><STRONG><a name="[ae]"></a>TIM6_IRQHandler</STRONG> (Thumb, 0 bytes, Stack size 0 bytes, startup_stm32f103xe.o(.text))
<BR>[Address Reference Count : 1]<UL><LI> startup_stm32f103xe.o(RESET)
</UL>
<P><STRONG><a name="[af]"></a>TIM7_IRQHandler</STRONG> (Thumb, 0 bytes, Stack size 0 bytes, startup_stm32f103xe.o(.text))
<BR>[Address Reference Count : 1]<UL><LI> startup_stm32f103xe.o(RESET)
</UL>
<P><STRONG><a name="[a3]"></a>TIM8_BRK_IRQHandler</STRONG> (Thumb, 0 bytes, Stack size 0 bytes, startup_stm32f103xe.o(.text))
<BR>[Address Reference Count : 1]<UL><LI> startup_stm32f103xe.o(RESET)
</UL>
<P><STRONG><a name="[a6]"></a>TIM8_CC_IRQHandler</STRONG> (Thumb, 0 bytes, Stack size 0 bytes, startup_stm32f103xe.o(.text))
<BR>[Address Reference Count : 1]<UL><LI> startup_stm32f103xe.o(RESET)
</UL>
<P><STRONG><a name="[a5]"></a>TIM8_TRG_COM_IRQHandler</STRONG> (Thumb, 0 bytes, Stack size 0 bytes, startup_stm32f103xe.o(.text))
<BR>[Address Reference Count : 1]<UL><LI> startup_stm32f103xe.o(RESET)
</UL>
<P><STRONG><a name="[a4]"></a>TIM8_UP_IRQHandler</STRONG> (Thumb, 0 bytes, Stack size 0 bytes, startup_stm32f103xe.o(.text))
<BR>[Address Reference Count : 1]<UL><LI> startup_stm32f103xe.o(RESET)
</UL>
<P><STRONG><a name="[ac]"></a>UART4_IRQHandler</STRONG> (Thumb, 0 bytes, Stack size 0 bytes, startup_stm32f103xe.o(.text))
<BR>[Address Reference Count : 1]<UL><LI> startup_stm32f103xe.o(RESET)
</UL>
<P><STRONG><a name="[ad]"></a>UART5_IRQHandler</STRONG> (Thumb, 0 bytes, Stack size 0 bytes, startup_stm32f103xe.o(.text))
<BR>[Address Reference Count : 1]<UL><LI> startup_stm32f103xe.o(RESET)
</UL>
<P><STRONG><a name="[9d]"></a>USART1_IRQHandler</STRONG> (Thumb, 0 bytes, Stack size 0 bytes, startup_stm32f103xe.o(.text))
<BR>[Address Reference Count : 1]<UL><LI> startup_stm32f103xe.o(RESET)
</UL>
<P><STRONG><a name="[9e]"></a>USART2_IRQHandler</STRONG> (Thumb, 0 bytes, Stack size 0 bytes, startup_stm32f103xe.o(.text))
<BR>[Address Reference Count : 1]<UL><LI> startup_stm32f103xe.o(RESET)
</UL>
<P><STRONG><a name="[9f]"></a>USART3_IRQHandler</STRONG> (Thumb, 0 bytes, Stack size 0 bytes, startup_stm32f103xe.o(.text))
<BR>[Address Reference Count : 1]<UL><LI> startup_stm32f103xe.o(RESET)
</UL>
<P><STRONG><a name="[a2]"></a>USBWakeUp_IRQHandler</STRONG> (Thumb, 0 bytes, Stack size 0 bytes, startup_stm32f103xe.o(.text))
<BR>[Address Reference Count : 1]<UL><LI> startup_stm32f103xe.o(RESET)
</UL>
<P><STRONG><a name="[8b]"></a>USB_HP_CAN1_TX_IRQHandler</STRONG> (Thumb, 0 bytes, Stack size 0 bytes, startup_stm32f103xe.o(.text))
<BR>[Address Reference Count : 1]<UL><LI> startup_stm32f103xe.o(RESET)
</UL>
<P><STRONG><a name="[8c]"></a>USB_LP_CAN1_RX0_IRQHandler</STRONG> (Thumb, 0 bytes, Stack size 0 bytes, startup_stm32f103xe.o(.text))
<BR>[Address Reference Count : 1]<UL><LI> startup_stm32f103xe.o(RESET)
</UL>
<P><STRONG><a name="[78]"></a>WWDG_IRQHandler</STRONG> (Thumb, 0 bytes, Stack size 0 bytes, startup_stm32f103xe.o(.text))
<BR>[Address Reference Count : 1]<UL><LI> startup_stm32f103xe.o(RESET)
</UL>
<P><STRONG><a name="[12f]"></a>___aeabi_memcpy4$move</STRONG> (Thumb, 0 bytes, Stack size 8 bytes, memmovea.o(.text), UNUSED)

<P><STRONG><a name="[130]"></a>___aeabi_memcpy8$move</STRONG> (Thumb, 0 bytes, Stack size 8 bytes, memmovea.o(.text), UNUSED)

<P><STRONG><a name="[131]"></a>__aeabi_memcpy</STRONG> (Thumb, 64 bytes, Stack size 8 bytes, memmovea.o(.text), UNUSED)

<P><STRONG><a name="[126]"></a>__aeabi_memmove</STRONG> (Thumb, 0 bytes, Stack size 8 bytes, memmovea.o(.text))
<BR><BR>[Stack]<UL><LI>Max Depth = 8<LI>Call Chain = __aeabi_memmove
</UL>
<BR>[Called By]<UL><LI><a href="#[13]">&gt;&gt;</a>&nbsp;&nbsp;&nbsp;WS2812FX_blend
<LI><a href="#[4a]">&gt;&gt;</a>&nbsp;&nbsp;&nbsp;WS2812FX_copyPixels
</UL>

<P><STRONG><a name="[132]"></a>__aeabi_memmove4</STRONG> (Thumb, 0 bytes, Stack size 8 bytes, memmovea.o(.text), UNUSED)

<P><STRONG><a name="[133]"></a>__aeabi_memmove8</STRONG> (Thumb, 0 bytes, Stack size 8 bytes, memmovea.o(.text), UNUSED)

<P><STRONG><a name="[ff]"></a>__aeabi_memset</STRONG> (Thumb, 14 bytes, Stack size 0 bytes, memseta.o(.text))
<BR><BR>[Called By]<UL><LI><a href="#[44]">&gt;&gt;</a>&nbsp;&nbsp;&nbsp;WS2812FX_resetSegments
<LI><a href="#[100]">&gt;&gt;</a>&nbsp;&nbsp;&nbsp;_memset$wrapper
<LI><a href="#[fe]">&gt;&gt;</a>&nbsp;&nbsp;&nbsp;__aeabi_memclr
</UL>

<P><STRONG><a name="[134]"></a>__aeabi_memset4</STRONG> (Thumb, 0 bytes, Stack size 0 bytes, memseta.o(.text), UNUSED)

<P><STRONG><a name="[135]"></a>__aeabi_memset8</STRONG> (Thumb, 0 bytes, Stack size 0 bytes, memseta.o(.text), UNUSED)

<P><STRONG><a name="[fe]"></a>__aeabi_memclr</STRONG> (Thumb, 4 bytes, Stack size 0 bytes, memseta.o(.text))
<BR><BR>[Calls]<UL><LI><a href="#[ff]">&gt;&gt;</a>&nbsp;&nbsp;&nbsp;__aeabi_memset
</UL>
<BR>[Called By]<UL><LI><a href="#[1]">&gt;&gt;</a>&nbsp;&nbsp;&nbsp;Adafruit_NeoPixel_updateLength
</UL>

<P><STRONG><a name="[124]"></a>__aeabi_memclr4</STRONG> (Thumb, 0 bytes, Stack size 0 bytes, memseta.o(.text))
<BR><BR>[Called By]<UL><LI><a href="#[123]">&gt;&gt;</a>&nbsp;&nbsp;&nbsp;SystemClock_Config
<LI><a href="#[44]">&gt;&gt;</a>&nbsp;&nbsp;&nbsp;WS2812FX_resetSegments
<LI><a href="#[45]">&gt;&gt;</a>&nbsp;&nbsp;&nbsp;WS2812FX_resetSegmentRuntimes
</UL>

<P><STRONG><a name="[136]"></a>__aeabi_memclr8</STRONG> (Thumb, 0 bytes, Stack size 0 bytes, memseta.o(.text), UNUSED)

<P><STRONG><a name="[100]"></a>_memset$wrapper</STRONG> (Thumb, 18 bytes, Stack size 8 bytes, memseta.o(.text), UNUSED)
<BR><BR>[Calls]<UL><LI><a href="#[ff]">&gt;&gt;</a>&nbsp;&nbsp;&nbsp;__aeabi_memset
</UL>

<P><STRONG><a name="[125]"></a>memchr</STRONG> (Thumb, 20 bytes, Stack size 0 bytes, memchr.o(.text))
<BR><BR>[Called By]<UL><LI><a href="#[43]">&gt;&gt;</a>&nbsp;&nbsp;&nbsp;WS2812FX_swapActiveSegment
<LI><a href="#[46]">&gt;&gt;</a>&nbsp;&nbsp;&nbsp;WS2812FX_resetSegmentRuntime
<LI><a href="#[53]">&gt;&gt;</a>&nbsp;&nbsp;&nbsp;WS2812FX_isActiveSegment
<LI><a href="#[6c]">&gt;&gt;</a>&nbsp;&nbsp;&nbsp;WS2812FX_getSegmentRuntime
<LI><a href="#[41]">&gt;&gt;</a>&nbsp;&nbsp;&nbsp;WS2812FX_addActiveSegment
<LI><a href="#[51]">&gt;&gt;</a>&nbsp;&nbsp;&nbsp;WS2812FX_isFrame
<LI><a href="#[52]">&gt;&gt;</a>&nbsp;&nbsp;&nbsp;WS2812FX_isCycle
</UL>

<P><STRONG><a name="[fd]"></a>__scatterload</STRONG> (Thumb, 28 bytes, Stack size 0 bytes, init.o(.text))
<BR><BR>[Calls]<UL><LI><a href="#[101]">&gt;&gt;</a>&nbsp;&nbsp;&nbsp;__main_after_scatterload
</UL>
<BR>[Called By]<UL><LI><a href="#[fc]">&gt;&gt;</a>&nbsp;&nbsp;&nbsp;_main_scatterload
</UL>

<P><STRONG><a name="[137]"></a>__scatterload_rt2</STRONG> (Thumb, 0 bytes, Stack size 0 bytes, init.o(.text), UNUSED)

<P><STRONG><a name="[138]"></a>__decompress</STRONG> (Thumb, 0 bytes, Stack size unknown bytes, __dczerorl2.o(.text), UNUSED)

<P><STRONG><a name="[139]"></a>__decompress1</STRONG> (Thumb, 86 bytes, Stack size unknown bytes, __dczerorl2.o(.text), UNUSED)

<P><STRONG><a name="[b]"></a>Adafruit_NeoPixel_getPixels</STRONG> (Thumb, 6 bytes, Stack size 0 bytes, adafruit_neopixel.o(i.Adafruit_NeoPixel_getPixels))
<BR>[Address Reference Count : 1]<UL><LI> adafruit_neopixel.o(.data)
</UL>
<P><STRONG><a name="[a]"></a>Adafruit_NeoPixel_numPixels</STRONG> (Thumb, 8 bytes, Stack size 0 bytes, adafruit_neopixel.o(i.Adafruit_NeoPixel_numPixels))
<BR>[Address Reference Count : 1]<UL><LI> adafruit_neopixel.o(.data)
</UL>
<P><STRONG><a name="[72]"></a>BusFault_Handler</STRONG> (Thumb, 2 bytes, Stack size 0 bytes, stm32f1xx_it.o(i.BusFault_Handler))
<BR><BR>[Calls]<UL><LI><a href="#[72]">&gt;&gt;</a>&nbsp;&nbsp;&nbsp;BusFault_Handler
</UL>
<BR>[Called By]<UL><LI><a href="#[72]">&gt;&gt;</a>&nbsp;&nbsp;&nbsp;BusFault_Handler
</UL>
<BR>[Address Reference Count : 1]<UL><LI> startup_stm32f103xe.o(RESET)
</UL>
<P><STRONG><a name="[85]"></a>DMA1_Channel3_IRQHandler</STRONG> (Thumb, 6 bytes, Stack size 0 bytes, stm32f1xx_it.o(i.DMA1_Channel3_IRQHandler))
<BR><BR>[Stack]<UL><LI>Max Depth = 40<LI>Call Chain = DMA1_Channel3_IRQHandler &rArr; HAL_DMA_IRQHandler
</UL>
<BR>[Calls]<UL><LI><a href="#[104]">&gt;&gt;</a>&nbsp;&nbsp;&nbsp;HAL_DMA_IRQHandler
</UL>
<BR>[Address Reference Count : 1]<UL><LI> startup_stm32f103xe.o(RESET)
</UL>
<P><STRONG><a name="[75]"></a>DebugMon_Handler</STRONG> (Thumb, 2 bytes, Stack size 0 bytes, stm32f1xx_it.o(i.DebugMon_Handler))
<BR>[Address Reference Count : 1]<UL><LI> startup_stm32f103xe.o(RESET)
</UL>
<P><STRONG><a name="[116]"></a>Error_Handler</STRONG> (Thumb, 2 bytes, Stack size 0 bytes, main.o(i.Error_Handler))
<BR><BR>[Called By]<UL><LI><a href="#[113]">&gt;&gt;</a>&nbsp;&nbsp;&nbsp;HAL_SPI_MspInit
<LI><a href="#[11c]">&gt;&gt;</a>&nbsp;&nbsp;&nbsp;MX_SPI1_Init
</UL>

<P><STRONG><a name="[104]"></a>HAL_DMA_IRQHandler</STRONG> (Thumb, 552 bytes, Stack size 40 bytes, stm32f1xx_hal_dma.o(i.HAL_DMA_IRQHandler))
<BR><BR>[Stack]<UL><LI>Max Depth = 40<LI>Call Chain = HAL_DMA_IRQHandler
</UL>
<BR>[Called By]<UL><LI><a href="#[85]">&gt;&gt;</a>&nbsp;&nbsp;&nbsp;DMA1_Channel3_IRQHandler
</UL>

<P><STRONG><a name="[115]"></a>HAL_DMA_Init</STRONG> (Thumb, 112 bytes, Stack size 12 bytes, stm32f1xx_hal_dma.o(i.HAL_DMA_Init))
<BR><BR>[Stack]<UL><LI>Max Depth = 12<LI>Call Chain = HAL_DMA_Init
</UL>
<BR>[Called By]<UL><LI><a href="#[113]">&gt;&gt;</a>&nbsp;&nbsp;&nbsp;HAL_SPI_MspInit
</UL>

<P><STRONG><a name="[105]"></a>HAL_DMA_Start_IT</STRONG> (Thumb, 112 bytes, Stack size 16 bytes, stm32f1xx_hal_dma.o(i.HAL_DMA_Start_IT))
<BR><BR>[Stack]<UL><LI>Max Depth = 28<LI>Call Chain = HAL_DMA_Start_IT &rArr; DMA_SetConfig
</UL>
<BR>[Calls]<UL><LI><a href="#[106]">&gt;&gt;</a>&nbsp;&nbsp;&nbsp;DMA_SetConfig
</UL>
<BR>[Called By]<UL><LI><a href="#[117]">&gt;&gt;</a>&nbsp;&nbsp;&nbsp;HAL_SPI_Transmit_DMA
</UL>

<P><STRONG><a name="[114]"></a>HAL_GPIO_Init</STRONG> (Thumb, 462 bytes, Stack size 40 bytes, stm32f1xx_hal_gpio.o(i.HAL_GPIO_Init))
<BR><BR>[Stack]<UL><LI>Max Depth = 40<LI>Call Chain = HAL_GPIO_Init
</UL>
<BR>[Called By]<UL><LI><a href="#[113]">&gt;&gt;</a>&nbsp;&nbsp;&nbsp;HAL_SPI_MspInit
<LI><a href="#[11a]">&gt;&gt;</a>&nbsp;&nbsp;&nbsp;MX_GPIO_Init
</UL>

<P><STRONG><a name="[11b]"></a>HAL_GPIO_WritePin</STRONG> (Thumb, 10 bytes, Stack size 0 bytes, stm32f1xx_hal_gpio.o(i.HAL_GPIO_WritePin))
<BR><BR>[Called By]<UL><LI><a href="#[11a]">&gt;&gt;</a>&nbsp;&nbsp;&nbsp;MX_GPIO_Init
</UL>

<P><STRONG><a name="[10f]"></a>HAL_GetTick</STRONG> (Thumb, 6 bytes, Stack size 0 bytes, stm32f1xx_hal.o(i.HAL_GetTick))
<BR><BR>[Called By]<UL><LI><a href="#[111]">&gt;&gt;</a>&nbsp;&nbsp;&nbsp;HAL_RCC_OscConfig
<LI><a href="#[10e]">&gt;&gt;</a>&nbsp;&nbsp;&nbsp;HAL_RCC_ClockConfig
<LI><a href="#[b4]">&gt;&gt;</a>&nbsp;&nbsp;&nbsp;main
<LI><a href="#[121]">&gt;&gt;</a>&nbsp;&nbsp;&nbsp;SPI_WaitFlagStateUntilTimeout
<LI><a href="#[b8]">&gt;&gt;</a>&nbsp;&nbsp;&nbsp;SPI_DMATransmitCplt
<LI><a href="#[128]">&gt;&gt;</a>&nbsp;&nbsp;&nbsp;millis
</UL>

<P><STRONG><a name="[122]"></a>HAL_IncTick</STRONG> (Thumb, 12 bytes, Stack size 0 bytes, stm32f1xx_hal.o(i.HAL_IncTick))
<BR><BR>[Called By]<UL><LI><a href="#[77]">&gt;&gt;</a>&nbsp;&nbsp;&nbsp;SysTick_Handler
</UL>

<P><STRONG><a name="[107]"></a>HAL_Init</STRONG> (Thumb, 32 bytes, Stack size 8 bytes, stm32f1xx_hal.o(i.HAL_Init))
<BR><BR>[Stack]<UL><LI>Max Depth = 40<LI>Call Chain = HAL_Init &rArr; HAL_InitTick &rArr; HAL_NVIC_SetPriority
</UL>
<BR>[Calls]<UL><LI><a href="#[108]">&gt;&gt;</a>&nbsp;&nbsp;&nbsp;HAL_NVIC_SetPriorityGrouping
<LI><a href="#[10a]">&gt;&gt;</a>&nbsp;&nbsp;&nbsp;HAL_MspInit
<LI><a href="#[109]">&gt;&gt;</a>&nbsp;&nbsp;&nbsp;HAL_InitTick
</UL>
<BR>[Called By]<UL><LI><a href="#[b4]">&gt;&gt;</a>&nbsp;&nbsp;&nbsp;main
</UL>

<P><STRONG><a name="[109]"></a>HAL_InitTick</STRONG> (Thumb, 54 bytes, Stack size 16 bytes, stm32f1xx_hal.o(i.HAL_InitTick))
<BR><BR>[Stack]<UL><LI>Max Depth = 32<LI>Call Chain = HAL_InitTick &rArr; HAL_NVIC_SetPriority
</UL>
<BR>[Calls]<UL><LI><a href="#[10c]">&gt;&gt;</a>&nbsp;&nbsp;&nbsp;HAL_NVIC_SetPriority
<LI><a href="#[10b]">&gt;&gt;</a>&nbsp;&nbsp;&nbsp;HAL_SYSTICK_Config
</UL>
<BR>[Called By]<UL><LI><a href="#[10e]">&gt;&gt;</a>&nbsp;&nbsp;&nbsp;HAL_RCC_ClockConfig
<LI><a href="#[107]">&gt;&gt;</a>&nbsp;&nbsp;&nbsp;HAL_Init
</UL>

<P><STRONG><a name="[10a]"></a>HAL_MspInit</STRONG> (Thumb, 58 bytes, Stack size 8 bytes, stm32f1xx_hal_msp.o(i.HAL_MspInit))
<BR><BR>[Stack]<UL><LI>Max Depth = 8<LI>Call Chain = HAL_MspInit
</UL>
<BR>[Calls]<UL><LI><a href="#[108]">&gt;&gt;</a>&nbsp;&nbsp;&nbsp;HAL_NVIC_SetPriorityGrouping
</UL>
<BR>[Called By]<UL><LI><a href="#[107]">&gt;&gt;</a>&nbsp;&nbsp;&nbsp;HAL_Init
</UL>

<P><STRONG><a name="[119]"></a>HAL_NVIC_EnableIRQ</STRONG> (Thumb, 26 bytes, Stack size 0 bytes, stm32f1xx_hal_cortex.o(i.HAL_NVIC_EnableIRQ))
<BR><BR>[Called By]<UL><LI><a href="#[118]">&gt;&gt;</a>&nbsp;&nbsp;&nbsp;MX_DMA_Init
</UL>

<P><STRONG><a name="[10c]"></a>HAL_NVIC_SetPriority</STRONG> (Thumb, 60 bytes, Stack size 16 bytes, stm32f1xx_hal_cortex.o(i.HAL_NVIC_SetPriority))
<BR><BR>[Stack]<UL><LI>Max Depth = 16<LI>Call Chain = HAL_NVIC_SetPriority
</UL>
<BR>[Calls]<UL><LI><a href="#[10d]">&gt;&gt;</a>&nbsp;&nbsp;&nbsp;__NVIC_SetPriority
</UL>
<BR>[Called By]<UL><LI><a href="#[118]">&gt;&gt;</a>&nbsp;&nbsp;&nbsp;MX_DMA_Init
<LI><a href="#[109]">&gt;&gt;</a>&nbsp;&nbsp;&nbsp;HAL_InitTick
</UL>

<P><STRONG><a name="[108]"></a>HAL_NVIC_SetPriorityGrouping</STRONG> (Thumb, 26 bytes, Stack size 0 bytes, stm32f1xx_hal_cortex.o(i.HAL_NVIC_SetPriorityGrouping))
<BR><BR>[Called By]<UL><LI><a href="#[10a]">&gt;&gt;</a>&nbsp;&nbsp;&nbsp;HAL_MspInit
<LI><a href="#[107]">&gt;&gt;</a>&nbsp;&nbsp;&nbsp;HAL_Init
</UL>

<P><STRONG><a name="[10e]"></a>HAL_RCC_ClockConfig</STRONG> (Thumb, 280 bytes, Stack size 32 bytes, stm32f1xx_hal_rcc.o(i.HAL_RCC_ClockConfig))
<BR><BR>[Stack]<UL><LI>Max Depth = 64<LI>Call Chain = HAL_RCC_ClockConfig &rArr; HAL_InitTick &rArr; HAL_NVIC_SetPriority
</UL>
<BR>[Calls]<UL><LI><a href="#[10f]">&gt;&gt;</a>&nbsp;&nbsp;&nbsp;HAL_GetTick
<LI><a href="#[110]">&gt;&gt;</a>&nbsp;&nbsp;&nbsp;HAL_RCC_GetSysClockFreq
<LI><a href="#[109]">&gt;&gt;</a>&nbsp;&nbsp;&nbsp;HAL_InitTick
</UL>
<BR>[Called By]<UL><LI><a href="#[123]">&gt;&gt;</a>&nbsp;&nbsp;&nbsp;SystemClock_Config
</UL>

<P><STRONG><a name="[110]"></a>HAL_RCC_GetSysClockFreq</STRONG> (Thumb, 74 bytes, Stack size 20 bytes, stm32f1xx_hal_rcc.o(i.HAL_RCC_GetSysClockFreq))
<BR><BR>[Stack]<UL><LI>Max Depth = 20<LI>Call Chain = HAL_RCC_GetSysClockFreq
</UL>
<BR>[Called By]<UL><LI><a href="#[10e]">&gt;&gt;</a>&nbsp;&nbsp;&nbsp;HAL_RCC_ClockConfig
</UL>

<P><STRONG><a name="[111]"></a>HAL_RCC_OscConfig</STRONG> (Thumb, 778 bytes, Stack size 40 bytes, stm32f1xx_hal_rcc.o(i.HAL_RCC_OscConfig))
<BR><BR>[Stack]<UL><LI>Max Depth = 40<LI>Call Chain = HAL_RCC_OscConfig
</UL>
<BR>[Calls]<UL><LI><a href="#[10f]">&gt;&gt;</a>&nbsp;&nbsp;&nbsp;HAL_GetTick
</UL>
<BR>[Called By]<UL><LI><a href="#[123]">&gt;&gt;</a>&nbsp;&nbsp;&nbsp;SystemClock_Config
</UL>

<P><STRONG><a name="[11d]"></a>HAL_SPI_ErrorCallback</STRONG> (Thumb, 2 bytes, Stack size 0 bytes, stm32f1xx_hal_spi.o(i.HAL_SPI_ErrorCallback))
<BR><BR>[Called By]<UL><LI><a href="#[b8]">&gt;&gt;</a>&nbsp;&nbsp;&nbsp;SPI_DMATransmitCplt
<LI><a href="#[b9]">&gt;&gt;</a>&nbsp;&nbsp;&nbsp;SPI_DMAError
</UL>

<P><STRONG><a name="[112]"></a>HAL_SPI_Init</STRONG> (Thumb, 124 bytes, Stack size 16 bytes, stm32f1xx_hal_spi.o(i.HAL_SPI_Init))
<BR><BR>[Stack]<UL><LI>Max Depth = 96<LI>Call Chain = HAL_SPI_Init &rArr; HAL_SPI_MspInit &rArr; HAL_GPIO_Init
</UL>
<BR>[Calls]<UL><LI><a href="#[113]">&gt;&gt;</a>&nbsp;&nbsp;&nbsp;HAL_SPI_MspInit
</UL>
<BR>[Called By]<UL><LI><a href="#[11c]">&gt;&gt;</a>&nbsp;&nbsp;&nbsp;MX_SPI1_Init
</UL>

<P><STRONG><a name="[113]"></a>HAL_SPI_MspInit</STRONG> (Thumb, 122 bytes, Stack size 40 bytes, spi.o(i.HAL_SPI_MspInit))
<BR><BR>[Stack]<UL><LI>Max Depth = 80<LI>Call Chain = HAL_SPI_MspInit &rArr; HAL_GPIO_Init
</UL>
<BR>[Calls]<UL><LI><a href="#[115]">&gt;&gt;</a>&nbsp;&nbsp;&nbsp;HAL_DMA_Init
<LI><a href="#[114]">&gt;&gt;</a>&nbsp;&nbsp;&nbsp;HAL_GPIO_Init
<LI><a href="#[116]">&gt;&gt;</a>&nbsp;&nbsp;&nbsp;Error_Handler
</UL>
<BR>[Called By]<UL><LI><a href="#[112]">&gt;&gt;</a>&nbsp;&nbsp;&nbsp;HAL_SPI_Init
</UL>

<P><STRONG><a name="[117]"></a>HAL_SPI_Transmit_DMA</STRONG> (Thumb, 192 bytes, Stack size 24 bytes, stm32f1xx_hal_spi.o(i.HAL_SPI_Transmit_DMA))
<BR><BR>[Stack]<UL><LI>Max Depth = 52<LI>Call Chain = HAL_SPI_Transmit_DMA &rArr; HAL_DMA_Start_IT &rArr; DMA_SetConfig
</UL>
<BR>[Calls]<UL><LI><a href="#[105]">&gt;&gt;</a>&nbsp;&nbsp;&nbsp;HAL_DMA_Start_IT
</UL>
<BR>[Called By]<UL><LI><a href="#[ba]">&gt;&gt;</a>&nbsp;&nbsp;&nbsp;WS2812_send
</UL>

<P><STRONG><a name="[120]"></a>HAL_SPI_TxCpltCallback</STRONG> (Thumb, 2 bytes, Stack size 0 bytes, stm32f1xx_hal_spi.o(i.HAL_SPI_TxCpltCallback))
<BR><BR>[Called By]<UL><LI><a href="#[b8]">&gt;&gt;</a>&nbsp;&nbsp;&nbsp;SPI_DMATransmitCplt
</UL>

<P><STRONG><a name="[11e]"></a>HAL_SPI_TxHalfCpltCallback</STRONG> (Thumb, 2 bytes, Stack size 0 bytes, stm32f1xx_hal_spi.o(i.HAL_SPI_TxHalfCpltCallback))
<BR><BR>[Called By]<UL><LI><a href="#[b7]">&gt;&gt;</a>&nbsp;&nbsp;&nbsp;SPI_DMAHalfTransmitCplt
</UL>

<P><STRONG><a name="[10b]"></a>HAL_SYSTICK_Config</STRONG> (Thumb, 40 bytes, Stack size 8 bytes, stm32f1xx_hal_cortex.o(i.HAL_SYSTICK_Config))
<BR><BR>[Stack]<UL><LI>Max Depth = 8<LI>Call Chain = HAL_SYSTICK_Config
</UL>
<BR>[Calls]<UL><LI><a href="#[10d]">&gt;&gt;</a>&nbsp;&nbsp;&nbsp;__NVIC_SetPriority
</UL>
<BR>[Called By]<UL><LI><a href="#[109]">&gt;&gt;</a>&nbsp;&nbsp;&nbsp;HAL_InitTick
</UL>

<P><STRONG><a name="[70]"></a>HardFault_Handler</STRONG> (Thumb, 2 bytes, Stack size 0 bytes, stm32f1xx_it.o(i.HardFault_Handler))
<BR><BR>[Calls]<UL><LI><a href="#[70]">&gt;&gt;</a>&nbsp;&nbsp;&nbsp;HardFault_Handler
</UL>
<BR>[Called By]<UL><LI><a href="#[70]">&gt;&gt;</a>&nbsp;&nbsp;&nbsp;HardFault_Handler
</UL>
<BR>[Address Reference Count : 1]<UL><LI> startup_stm32f103xe.o(RESET)
</UL>
<P><STRONG><a name="[118]"></a>MX_DMA_Init</STRONG> (Thumb, 40 bytes, Stack size 8 bytes, dma.o(i.MX_DMA_Init))
<BR><BR>[Stack]<UL><LI>Max Depth = 24<LI>Call Chain = MX_DMA_Init &rArr; HAL_NVIC_SetPriority
</UL>
<BR>[Calls]<UL><LI><a href="#[10c]">&gt;&gt;</a>&nbsp;&nbsp;&nbsp;HAL_NVIC_SetPriority
<LI><a href="#[119]">&gt;&gt;</a>&nbsp;&nbsp;&nbsp;HAL_NVIC_EnableIRQ
</UL>
<BR>[Called By]<UL><LI><a href="#[b4]">&gt;&gt;</a>&nbsp;&nbsp;&nbsp;main
</UL>

<P><STRONG><a name="[11a]"></a>MX_GPIO_Init</STRONG> (Thumb, 198 bytes, Stack size 48 bytes, gpio.o(i.MX_GPIO_Init))
<BR><BR>[Stack]<UL><LI>Max Depth = 88<LI>Call Chain = MX_GPIO_Init &rArr; HAL_GPIO_Init
</UL>
<BR>[Calls]<UL><LI><a href="#[11b]">&gt;&gt;</a>&nbsp;&nbsp;&nbsp;HAL_GPIO_WritePin
<LI><a href="#[114]">&gt;&gt;</a>&nbsp;&nbsp;&nbsp;HAL_GPIO_Init
</UL>
<BR>[Called By]<UL><LI><a href="#[b4]">&gt;&gt;</a>&nbsp;&nbsp;&nbsp;main
</UL>

<P><STRONG><a name="[11c]"></a>MX_SPI1_Init</STRONG> (Thumb, 64 bytes, Stack size 8 bytes, spi.o(i.MX_SPI1_Init))
<BR><BR>[Stack]<UL><LI>Max Depth = 104<LI>Call Chain = MX_SPI1_Init &rArr; HAL_SPI_Init &rArr; HAL_SPI_MspInit &rArr; HAL_GPIO_Init
</UL>
<BR>[Calls]<UL><LI><a href="#[112]">&gt;&gt;</a>&nbsp;&nbsp;&nbsp;HAL_SPI_Init
<LI><a href="#[116]">&gt;&gt;</a>&nbsp;&nbsp;&nbsp;Error_Handler
</UL>
<BR>[Called By]<UL><LI><a href="#[b4]">&gt;&gt;</a>&nbsp;&nbsp;&nbsp;main
</UL>

<P><STRONG><a name="[71]"></a>MemManage_Handler</STRONG> (Thumb, 2 bytes, Stack size 0 bytes, stm32f1xx_it.o(i.MemManage_Handler))
<BR><BR>[Calls]<UL><LI><a href="#[71]">&gt;&gt;</a>&nbsp;&nbsp;&nbsp;MemManage_Handler
</UL>
<BR>[Called By]<UL><LI><a href="#[71]">&gt;&gt;</a>&nbsp;&nbsp;&nbsp;MemManage_Handler
</UL>
<BR>[Address Reference Count : 1]<UL><LI> startup_stm32f103xe.o(RESET)
</UL>
<P><STRONG><a name="[6f]"></a>NMI_Handler</STRONG> (Thumb, 2 bytes, Stack size 0 bytes, stm32f1xx_it.o(i.NMI_Handler))
<BR>[Address Reference Count : 1]<UL><LI> startup_stm32f103xe.o(RESET)
</UL>
<P><STRONG><a name="[76]"></a>PendSV_Handler</STRONG> (Thumb, 2 bytes, Stack size 0 bytes, stm32f1xx_it.o(i.PendSV_Handler))
<BR>[Address Reference Count : 1]<UL><LI> startup_stm32f103xe.o(RESET)
</UL>
<P><STRONG><a name="[74]"></a>SVC_Handler</STRONG> (Thumb, 2 bytes, Stack size 0 bytes, stm32f1xx_it.o(i.SVC_Handler))
<BR>[Address Reference Count : 1]<UL><LI> startup_stm32f103xe.o(RESET)
</UL>
<P><STRONG><a name="[77]"></a>SysTick_Handler</STRONG> (Thumb, 4 bytes, Stack size 0 bytes, stm32f1xx_it.o(i.SysTick_Handler))
<BR><BR>[Calls]<UL><LI><a href="#[122]">&gt;&gt;</a>&nbsp;&nbsp;&nbsp;HAL_IncTick
</UL>
<BR>[Address Reference Count : 1]<UL><LI> startup_stm32f103xe.o(RESET)
</UL>
<P><STRONG><a name="[123]"></a>SystemClock_Config</STRONG> (Thumb, 78 bytes, Stack size 72 bytes, main.o(i.SystemClock_Config))
<BR><BR>[Stack]<UL><LI>Max Depth = 136<LI>Call Chain = SystemClock_Config &rArr; HAL_RCC_ClockConfig &rArr; HAL_InitTick &rArr; HAL_NVIC_SetPriority
</UL>
<BR>[Calls]<UL><LI><a href="#[111]">&gt;&gt;</a>&nbsp;&nbsp;&nbsp;HAL_RCC_OscConfig
<LI><a href="#[10e]">&gt;&gt;</a>&nbsp;&nbsp;&nbsp;HAL_RCC_ClockConfig
<LI><a href="#[124]">&gt;&gt;</a>&nbsp;&nbsp;&nbsp;__aeabi_memclr4
</UL>
<BR>[Called By]<UL><LI><a href="#[b4]">&gt;&gt;</a>&nbsp;&nbsp;&nbsp;main
</UL>

<P><STRONG><a name="[b5]"></a>SystemInit</STRONG> (Thumb, 56 bytes, Stack size 0 bytes, system_stm32f1xx.o(i.SystemInit))
<BR>[Address Reference Count : 1]<UL><LI> startup_stm32f103xe.o(.text)
</UL>
<P><STRONG><a name="[73]"></a>UsageFault_Handler</STRONG> (Thumb, 2 bytes, Stack size 0 bytes, stm32f1xx_it.o(i.UsageFault_Handler))
<BR><BR>[Calls]<UL><LI><a href="#[73]">&gt;&gt;</a>&nbsp;&nbsp;&nbsp;UsageFault_Handler
</UL>
<BR>[Called By]<UL><LI><a href="#[73]">&gt;&gt;</a>&nbsp;&nbsp;&nbsp;UsageFault_Handler
</UL>
<BR>[Address Reference Count : 1]<UL><LI> startup_stm32f103xe.o(RESET)
</UL>
<P><STRONG><a name="[4a]"></a>WS2812FX_copyPixels</STRONG> (Thumb, 42 bytes, Stack size 24 bytes, ws2812fx.o(i.WS2812FX_copyPixels))
<BR><BR>[Stack]<UL><LI>Max Depth = 32<LI>Call Chain = WS2812FX_copyPixels &rArr; __aeabi_memmove
</UL>
<BR>[Calls]<UL><LI><a href="#[5d]">&gt;&gt;</a>&nbsp;&nbsp;&nbsp;WS2812FX_getNumBytesPerPixel
<LI><a href="#[126]">&gt;&gt;</a>&nbsp;&nbsp;&nbsp;__aeabi_memmove
</UL>
<BR>[Address Reference Count : 1]<UL><LI> ws2812fx.o(.data)
</UL>
<P><STRONG><a name="[60]"></a>WS2812FX_getNumBytes</STRONG> (Thumb, 8 bytes, Stack size 0 bytes, ws2812fx.o(i.WS2812FX_getNumBytes))
<BR>[Address Reference Count : 1]<UL><LI> ws2812fx.o(.data)
</UL>
<P><STRONG><a name="[52]"></a>WS2812FX_isCycle</STRONG> (Thumb, 36 bytes, Stack size 8 bytes, ws2812fx.o(i.WS2812FX_isCycle))
<BR><BR>[Stack]<UL><LI>Max Depth = 8<LI>Call Chain = WS2812FX_isCycle
</UL>
<BR>[Calls]<UL><LI><a href="#[125]">&gt;&gt;</a>&nbsp;&nbsp;&nbsp;memchr
</UL>
<BR>[Address Reference Count : 1]<UL><LI> ws2812fx.o(.data)
</UL>
<P><STRONG><a name="[51]"></a>WS2812FX_isFrame</STRONG> (Thumb, 34 bytes, Stack size 8 bytes, ws2812fx.o(i.WS2812FX_isFrame))
<BR><BR>[Stack]<UL><LI>Max Depth = 8<LI>Call Chain = WS2812FX_isFrame
</UL>
<BR>[Calls]<UL><LI><a href="#[125]">&gt;&gt;</a>&nbsp;&nbsp;&nbsp;memchr
</UL>
<BR>[Address Reference Count : 1]<UL><LI> ws2812fx.o(.data)
</UL>
<P><STRONG><a name="[4f]"></a>WS2812FX_isRunning</STRONG> (Thumb, 6 bytes, Stack size 0 bytes, ws2812fx.o(i.WS2812FX_isRunning))
<BR>[Address Reference Count : 1]<UL><LI> ws2812fx.o(.data)
</UL>
<P><STRONG><a name="[50]"></a>WS2812FX_isTriggered</STRONG> (Thumb, 6 bytes, Stack size 0 bytes, ws2812fx.o(i.WS2812FX_isTriggered))
<BR>[Address Reference Count : 1]<UL><LI> ws2812fx.o(.data)
</UL>
<P><STRONG><a name="[f0]"></a>WS2812FX_mode_bicolor_chase</STRONG> (Thumb, 16 bytes, Stack size 0 bytes, modes.o(i.WS2812FX_mode_bicolor_chase))
<BR>[Address Reference Count : 1]<UL><LI> modes.o(.constdata)
</UL>
<P><STRONG><a name="[bc]"></a>WS2812FX_mode_blink</STRONG> (Thumb, 18 bytes, Stack size 0 bytes, modes.o(i.WS2812FX_mode_blink))
<BR>[Address Reference Count : 1]<UL><LI> modes.o(.constdata)
</UL>
<P><STRONG><a name="[d8]"></a>WS2812FX_mode_blink_rainbow</STRONG> (Thumb, 32 bytes, Stack size 8 bytes, modes.o(i.WS2812FX_mode_blink_rainbow))
<BR><BR>[Stack]<UL><LI>Max Depth = 8<LI>Call Chain = WS2812FX_mode_blink_rainbow
</UL>
<BR>[Address Reference Count : 1]<UL><LI> modes.o(.constdata)
</UL>
<P><STRONG><a name="[bd]"></a>WS2812FX_mode_breath</STRONG> (Thumb, 152 bytes, Stack size 16 bytes, modes.o(i.WS2812FX_mode_breath))
<BR><BR>[Stack]<UL><LI>Max Depth = 16<LI>Call Chain = WS2812FX_mode_breath
</UL>
<BR>[Address Reference Count : 1]<UL><LI> modes.o(.constdata)
</UL>
<P><STRONG><a name="[e0]"></a>WS2812FX_mode_chase_blackout</STRONG> (Thumb, 18 bytes, Stack size 0 bytes, modes.o(i.WS2812FX_mode_chase_blackout))
<BR>[Address Reference Count : 1]<UL><LI> modes.o(.constdata)
</UL>
<P><STRONG><a name="[e1]"></a>WS2812FX_mode_chase_blackout_rainbow</STRONG> (Thumb, 52 bytes, Stack size 8 bytes, modes.o(i.WS2812FX_mode_chase_blackout_rainbow))
<BR><BR>[Stack]<UL><LI>Max Depth = 8<LI>Call Chain = WS2812FX_mode_chase_blackout_rainbow
</UL>
<BR>[Address Reference Count : 1]<UL><LI> modes.o(.constdata)
</UL>
<P><STRONG><a name="[da]"></a>WS2812FX_mode_chase_color</STRONG> (Thumb, 20 bytes, Stack size 0 bytes, modes.o(i.WS2812FX_mode_chase_color))
<BR>[Address Reference Count : 1]<UL><LI> modes.o(.constdata)
</UL>
<P><STRONG><a name="[dd]"></a>WS2812FX_mode_chase_flash</STRONG> (Thumb, 18 bytes, Stack size 0 bytes, modes.o(i.WS2812FX_mode_chase_flash))
<BR>[Address Reference Count : 1]<UL><LI> modes.o(.constdata)
</UL>
<P><STRONG><a name="[de]"></a>WS2812FX_mode_chase_flash_random</STRONG> (Thumb, 30 bytes, Stack size 8 bytes, modes.o(i.WS2812FX_mode_chase_flash_random))
<BR><BR>[Stack]<UL><LI>Max Depth = 8<LI>Call Chain = WS2812FX_mode_chase_flash_random
</UL>
<BR>[Address Reference Count : 1]<UL><LI> modes.o(.constdata)
</UL>
<P><STRONG><a name="[dc]"></a>WS2812FX_mode_chase_rainbow</STRONG> (Thumb, 54 bytes, Stack size 8 bytes, modes.o(i.WS2812FX_mode_chase_rainbow))
<BR><BR>[Stack]<UL><LI>Max Depth = 8<LI>Call Chain = WS2812FX_mode_chase_rainbow
</UL>
<BR>[Address Reference Count : 1]<UL><LI> modes.o(.constdata)
</UL>
<P><STRONG><a name="[df]"></a>WS2812FX_mode_chase_rainbow_white</STRONG> (Thumb, 86 bytes, Stack size 16 bytes, modes.o(i.WS2812FX_mode_chase_rainbow_white))
<BR><BR>[Stack]<UL><LI>Max Depth = 16<LI>Call Chain = WS2812FX_mode_chase_rainbow_white
</UL>
<BR>[Address Reference Count : 1]<UL><LI> modes.o(.constdata)
</UL>
<P><STRONG><a name="[db]"></a>WS2812FX_mode_chase_random</STRONG> (Thumb, 54 bytes, Stack size 8 bytes, modes.o(i.WS2812FX_mode_chase_random))
<BR><BR>[Stack]<UL><LI>Max Depth = 8<LI>Call Chain = WS2812FX_mode_chase_random
</UL>
<BR>[Address Reference Count : 1]<UL><LI> modes.o(.constdata)
</UL>
<P><STRONG><a name="[d9]"></a>WS2812FX_mode_chase_white</STRONG> (Thumb, 20 bytes, Stack size 0 bytes, modes.o(i.WS2812FX_mode_chase_white))
<BR>[Address Reference Count : 1]<UL><LI> modes.o(.constdata)
</UL>
<P><STRONG><a name="[ee]"></a>WS2812FX_mode_circus_combustus</STRONG> (Thumb, 16 bytes, Stack size 0 bytes, modes.o(i.WS2812FX_mode_circus_combustus))
<BR>[Address Reference Count : 1]<UL><LI> modes.o(.constdata)
</UL>
<P><STRONG><a name="[e2]"></a>WS2812FX_mode_color_sweep_random</STRONG> (Thumb, 70 bytes, Stack size 8 bytes, modes.o(i.WS2812FX_mode_color_sweep_random))
<BR><BR>[Stack]<UL><LI>Max Depth = 8<LI>Call Chain = WS2812FX_mode_color_sweep_random
</UL>
<BR>[Address Reference Count : 1]<UL><LI> modes.o(.constdata)
</UL>
<P><STRONG><a name="[be]"></a>WS2812FX_mode_color_wipe</STRONG> (Thumb, 18 bytes, Stack size 0 bytes, modes.o(i.WS2812FX_mode_color_wipe))
<BR>[Address Reference Count : 1]<UL><LI> modes.o(.constdata)
</UL>
<P><STRONG><a name="[bf]"></a>WS2812FX_mode_color_wipe_inv</STRONG> (Thumb, 18 bytes, Stack size 0 bytes, modes.o(i.WS2812FX_mode_color_wipe_inv))
<BR>[Address Reference Count : 1]<UL><LI> modes.o(.constdata)
</UL>
<P><STRONG><a name="[c2]"></a>WS2812FX_mode_color_wipe_random</STRONG> (Thumb, 70 bytes, Stack size 8 bytes, modes.o(i.WS2812FX_mode_color_wipe_random))
<BR><BR>[Stack]<UL><LI>Max Depth = 8<LI>Call Chain = WS2812FX_mode_color_wipe_random
</UL>
<BR>[Address Reference Count : 1]<UL><LI> modes.o(.constdata)
</UL>
<P><STRONG><a name="[c0]"></a>WS2812FX_mode_color_wipe_rev</STRONG> (Thumb, 18 bytes, Stack size 0 bytes, modes.o(i.WS2812FX_mode_color_wipe_rev))
<BR>[Address Reference Count : 1]<UL><LI> modes.o(.constdata)
</UL>
<P><STRONG><a name="[c1]"></a>WS2812FX_mode_color_wipe_rev_inv</STRONG> (Thumb, 18 bytes, Stack size 0 bytes, modes.o(i.WS2812FX_mode_color_wipe_rev_inv))
<BR>[Address Reference Count : 1]<UL><LI> modes.o(.constdata)
</UL>
<P><STRONG><a name="[e7]"></a>WS2812FX_mode_comet</STRONG> (Thumb, 110 bytes, Stack size 8 bytes, modes.o(i.WS2812FX_mode_comet))
<BR><BR>[Stack]<UL><LI>Max Depth = 8<LI>Call Chain = WS2812FX_mode_comet
</UL>
<BR>[Address Reference Count : 1]<UL><LI> modes.o(.constdata)
</UL>
<P><STRONG><a name="[f4]"></a>WS2812FX_mode_custom_0</STRONG> (Thumb, 6 bytes, Stack size 0 bytes, modes.o(i.WS2812FX_mode_custom_0))
<BR>[Address Reference Count : 1]<UL><LI> modes.o(.constdata)
</UL>
<P><STRONG><a name="[f5]"></a>WS2812FX_mode_custom_1</STRONG> (Thumb, 6 bytes, Stack size 0 bytes, modes.o(i.WS2812FX_mode_custom_1))
<BR>[Address Reference Count : 1]<UL><LI> modes.o(.constdata)
</UL>
<P><STRONG><a name="[f6]"></a>WS2812FX_mode_custom_2</STRONG> (Thumb, 6 bytes, Stack size 0 bytes, modes.o(i.WS2812FX_mode_custom_2))
<BR>[Address Reference Count : 1]<UL><LI> modes.o(.constdata)
</UL>
<P><STRONG><a name="[f7]"></a>WS2812FX_mode_custom_3</STRONG> (Thumb, 6 bytes, Stack size 0 bytes, modes.o(i.WS2812FX_mode_custom_3))
<BR>[Address Reference Count : 1]<UL><LI> modes.o(.constdata)
</UL>
<P><STRONG><a name="[f8]"></a>WS2812FX_mode_custom_4</STRONG> (Thumb, 6 bytes, Stack size 0 bytes, modes.o(i.WS2812FX_mode_custom_4))
<BR>[Address Reference Count : 1]<UL><LI> modes.o(.constdata)
</UL>
<P><STRONG><a name="[f9]"></a>WS2812FX_mode_custom_5</STRONG> (Thumb, 6 bytes, Stack size 0 bytes, modes.o(i.WS2812FX_mode_custom_5))
<BR>[Address Reference Count : 1]<UL><LI> modes.o(.constdata)
</UL>
<P><STRONG><a name="[fa]"></a>WS2812FX_mode_custom_6</STRONG> (Thumb, 6 bytes, Stack size 0 bytes, modes.o(i.WS2812FX_mode_custom_6))
<BR>[Address Reference Count : 1]<UL><LI> modes.o(.constdata)
</UL>
<P><STRONG><a name="[fb]"></a>WS2812FX_mode_custom_7</STRONG> (Thumb, 6 bytes, Stack size 0 bytes, modes.o(i.WS2812FX_mode_custom_7))
<BR>[Address Reference Count : 1]<UL><LI> modes.o(.constdata)
</UL>
<P><STRONG><a name="[c9]"></a>WS2812FX_mode_dual_scan</STRONG> (Thumb, 18 bytes, Stack size 0 bytes, modes.o(i.WS2812FX_mode_dual_scan))
<BR>[Address Reference Count : 1]<UL><LI> modes.o(.constdata)
</UL>
<P><STRONG><a name="[ca]"></a>WS2812FX_mode_fade</STRONG> (Thumb, 98 bytes, Stack size 8 bytes, modes.o(i.WS2812FX_mode_fade))
<BR><BR>[Stack]<UL><LI>Max Depth = 8<LI>Call Chain = WS2812FX_mode_fade
</UL>
<BR>[Address Reference Count : 1]<UL><LI> modes.o(.constdata)
</UL>
<P><STRONG><a name="[eb]"></a>WS2812FX_mode_fire_flicker</STRONG> (Thumb, 8 bytes, Stack size 0 bytes, modes.o(i.WS2812FX_mode_fire_flicker))
<BR>[Address Reference Count : 1]<UL><LI> modes.o(.constdata)
</UL>
<P><STRONG><a name="[ed]"></a>WS2812FX_mode_fire_flicker_intense</STRONG> (Thumb, 8 bytes, Stack size 0 bytes, modes.o(i.WS2812FX_mode_fire_flicker_intense))
<BR>[Address Reference Count : 1]<UL><LI> modes.o(.constdata)
</UL>
<P><STRONG><a name="[ec]"></a>WS2812FX_mode_fire_flicker_soft</STRONG> (Thumb, 8 bytes, Stack size 0 bytes, modes.o(i.WS2812FX_mode_fire_flicker_soft))
<BR>[Address Reference Count : 1]<UL><LI> modes.o(.constdata)
</UL>
<P><STRONG><a name="[e8]"></a>WS2812FX_mode_fireworks</STRONG> (Thumb, 38 bytes, Stack size 16 bytes, modes.o(i.WS2812FX_mode_fireworks))
<BR><BR>[Stack]<UL><LI>Max Depth = 16<LI>Call Chain = WS2812FX_mode_fireworks
</UL>
<BR>[Address Reference Count : 1]<UL><LI> modes.o(.constdata)
</UL>
<P><STRONG><a name="[e9]"></a>WS2812FX_mode_fireworks_random</STRONG> (Thumb, 24 bytes, Stack size 8 bytes, modes.o(i.WS2812FX_mode_fireworks_random))
<BR><BR>[Stack]<UL><LI>Max Depth = 8<LI>Call Chain = WS2812FX_mode_fireworks_random
</UL>
<BR>[Address Reference Count : 1]<UL><LI> modes.o(.constdata)
</UL>
<P><STRONG><a name="[d3]"></a>WS2812FX_mode_flash_sparkle</STRONG> (Thumb, 18 bytes, Stack size 0 bytes, modes.o(i.WS2812FX_mode_flash_sparkle))
<BR>[Address Reference Count : 1]<UL><LI> modes.o(.constdata)
</UL>
<P><STRONG><a name="[ef]"></a>WS2812FX_mode_halloween</STRONG> (Thumb, 10 bytes, Stack size 0 bytes, modes.o(i.WS2812FX_mode_halloween))
<BR>[Address Reference Count : 1]<UL><LI> modes.o(.constdata)
</UL>
<P><STRONG><a name="[d4]"></a>WS2812FX_mode_hyper_sparkle</STRONG> (Thumb, 114 bytes, Stack size 24 bytes, modes.o(i.WS2812FX_mode_hyper_sparkle))
<BR><BR>[Stack]<UL><LI>Max Depth = 24<LI>Call Chain = WS2812FX_mode_hyper_sparkle
</UL>
<BR>[Address Reference Count : 1]<UL><LI> modes.o(.constdata)
</UL>
<P><STRONG><a name="[e6]"></a>WS2812FX_mode_larson_scanner</STRONG> (Thumb, 160 bytes, Stack size 8 bytes, modes.o(i.WS2812FX_mode_larson_scanner))
<BR><BR>[Stack]<UL><LI>Max Depth = 8<LI>Call Chain = WS2812FX_mode_larson_scanner
</UL>
<BR>[Address Reference Count : 1]<UL><LI> modes.o(.constdata)
</UL>
<P><STRONG><a name="[ea]"></a>WS2812FX_mode_merry_christmas</STRONG> (Thumb, 12 bytes, Stack size 0 bytes, modes.o(i.WS2812FX_mode_merry_christmas))
<BR>[Address Reference Count : 1]<UL><LI> modes.o(.constdata)
</UL>
<P><STRONG><a name="[c5]"></a>WS2812FX_mode_multi_dynamic</STRONG> (Thumb, 70 bytes, Stack size 16 bytes, modes.o(i.WS2812FX_mode_multi_dynamic))
<BR><BR>[Stack]<UL><LI>Max Depth = 16<LI>Call Chain = WS2812FX_mode_multi_dynamic
</UL>
<BR>[Address Reference Count : 1]<UL><LI> modes.o(.constdata)
</UL>
<P><STRONG><a name="[d7]"></a>WS2812FX_mode_multi_strobe</STRONG> (Thumb, 140 bytes, Stack size 16 bytes, modes.o(i.WS2812FX_mode_multi_strobe))
<BR><BR>[Stack]<UL><LI>Max Depth = 16<LI>Call Chain = WS2812FX_mode_multi_strobe
</UL>
<BR>[Address Reference Count : 1]<UL><LI> modes.o(.constdata)
</UL>
<P><STRONG><a name="[f3]"></a>WS2812FX_mode_rain</STRONG> (Thumb, 104 bytes, Stack size 8 bytes, modes.o(i.WS2812FX_mode_rain))
<BR><BR>[Stack]<UL><LI>Max Depth = 8<LI>Call Chain = WS2812FX_mode_rain
</UL>
<BR>[Address Reference Count : 1]<UL><LI> modes.o(.constdata)
</UL>
<P><STRONG><a name="[c6]"></a>WS2812FX_mode_rainbow</STRONG> (Thumb, 66 bytes, Stack size 8 bytes, modes.o(i.WS2812FX_mode_rainbow))
<BR><BR>[Stack]<UL><LI>Max Depth = 8<LI>Call Chain = WS2812FX_mode_rainbow
</UL>
<BR>[Address Reference Count : 1]<UL><LI> modes.o(.constdata)
</UL>
<P><STRONG><a name="[c7]"></a>WS2812FX_mode_rainbow_cycle</STRONG> (Thumb, 122 bytes, Stack size 16 bytes, modes.o(i.WS2812FX_mode_rainbow_cycle))
<BR><BR>[Stack]<UL><LI>Max Depth = 16<LI>Call Chain = WS2812FX_mode_rainbow_cycle
</UL>
<BR>[Address Reference Count : 1]<UL><LI> modes.o(.constdata)
</UL>
[...]
<BR>[Address Reference Count : 1]<UL><LI> ws2812fx.o(.data)
</UL>
<P><STRONG><a name="[67]"></a>WS2812FX_getModeName</STRONG> (Thumb, 20 bytes, Stack size 0 bytes, ws2812fx.o(i.WS2812FX_getModeName))
<BR>[Address Reference Count : 1]<UL><LI> ws2812fx.o(.data)
</UL>
<P><STRONG><a name="[5d]"></a>WS2812FX_getNumBytesPerPixel</STRONG> (Thumb, 22 bytes, Stack size 0 bytes, ws2812fx.o(i.WS2812FX_getNumBytesPerPixel))
<BR><BR>[Called By]<UL><LI><a href="#[65]">&gt;&gt;</a>&nbsp;&nbsp;&nbsp;WS2812FX_intensitySums
<LI><a href="#[4a]">&gt;&gt;</a>&nbsp;&nbsp;&nbsp;WS2812FX_copyPixels
</UL>
<BR>[Address Reference Count : 1]<UL><LI> ws2812fx.o(.data)
</UL>
<P><STRONG><a name="[5a]"></a>WS2812FX_getNumSegments</STRONG> (Thumb, 6 bytes, Stack size 0 bytes, ws2812fx.o(i.WS2812FX_getNumSegments))
<BR>[Address Reference Count : 1]<UL><LI> ws2812fx.o(.data)
</UL>
<P><STRONG><a name="[5c]"></a>WS2812FX_getOptions</STRONG> (Thumb, 16 bytes, Stack size 0 bytes, ws2812fx.o(i.WS2812FX_getOptions))
<BR>[Address Reference Count : 1]<UL><LI> ws2812fx.o(.data)
</UL>
<P><STRONG><a name="[69]"></a>WS2812FX_getSegment</STRONG> (Thumb, 14 bytes, Stack size 0 bytes, ws2812fx.o(i.WS2812FX_getSegment))
<BR>[Address Reference Count : 1]<UL><LI> ws2812fx.o(.data)
</UL>
<P><STRONG><a name="[6c]"></a>WS2812FX_getSegmentRuntime</STRONG> (Thumb, 30 bytes, Stack size 8 bytes, ws2812fx.o(i.WS2812FX_getSegmentRuntime))
<BR><BR>[Stack]<UL><LI>Max Depth = 8<LI>Call Chain = WS2812FX_getSegmentRuntime
</UL>
<BR>[Calls]<UL><LI><a href="#[125]">&gt;&gt;</a>&nbsp;&nbsp;&nbsp;memchr
</UL>
<BR>[Address Reference Count : 1]<UL><LI> ws2812fx.o(.data)
</UL>
<P><STRONG><a name="[6b]"></a>WS2812FX_getSegmentRuntime_active</STRONG> (Thumb, 8 bytes, Stack size 0 bytes, ws2812fx.o(i.WS2812FX_getSegmentRuntime_active))
<BR>[Address Reference Count : 1]<UL><LI> ws2812fx.o(.data)
</UL>
<P><STRONG><a name="[6d]"></a>WS2812FX_getSegmentRuntimes</STRONG> (Thumb, 6 bytes, Stack size 0 bytes, ws2812fx.o(i.WS2812FX_getSegmentRuntimes))
<BR>[Address Reference Count : 1]<UL><LI> ws2812fx.o(.data)
</UL>
<P><STRONG><a name="[68]"></a>WS2812FX_getSegment_active</STRONG> (Thumb, 8 bytes, Stack size 0 bytes, ws2812fx.o(i.WS2812FX_getSegment_active))
<BR>[Address Reference Count : 1]<UL><LI> ws2812fx.o(.data)
</UL>
<P><STRONG><a name="[6a]"></a>WS2812FX_getSegments</STRONG> (Thumb, 6 bytes, Stack size 0 bytes, ws2812fx.o(i.WS2812FX_getSegments))
<BR>[Address Reference Count : 1]<UL><LI> ws2812fx.o(.data)
</UL>
<P><STRONG><a name="[5e]"></a>WS2812FX_getSpeed</STRONG> (Thumb, 16 bytes, Stack size 0 bytes, ws2812fx.o(i.WS2812FX_getSpeed))
<BR>[Address Reference Count : 1]<UL><LI> ws2812fx.o(.data)
</UL>
<P><STRONG><a name="[5b]"></a>WS2812FX_get_random_wheel_index</STRONG> (Thumb, 38 bytes, Stack size 16 bytes, ws2812fx.o(i.WS2812FX_get_random_wheel_index))
<BR><BR>[Stack]<UL><LI>Max Depth = 16<LI>Call Chain = WS2812FX_get_random_wheel_index
</UL>
<BR>[Address Reference Count : 1]<UL><LI> ws2812fx.o(.data)
</UL>
<P><STRONG><a name="[35]"></a>WS2812FX_increaseBrightness</STRONG> (Thumb, 22 bytes, Stack size 8 bytes, ws2812fx.o(i.WS2812FX_increaseBrightness))
<BR><BR>[Stack]<UL><LI>Max Depth = 16<LI>Call Chain = WS2812FX_increaseBrightness &rArr; WS2812FX_setBrightness
</UL>
<BR>[Calls]<UL><LI><a href="#[34]">&gt;&gt;</a>&nbsp;&nbsp;&nbsp;WS2812FX_setBrightness
</UL>
<BR>[Address Reference Count : 1]<UL><LI> ws2812fx.o(.data)
</UL>
<P><STRONG><a name="[38]"></a>WS2812FX_increaseLength</STRONG> (Thumb, 20 bytes, Stack size 0 bytes, ws2812fx.o(i.WS2812FX_increaseLength))
<BR><BR>[Stack]<UL><LI>Max Depth = 16<LI>Call Chain = WS2812FX_increaseLength &rArr; WS2812FX_setLength
</UL>
<BR>[Calls]<UL><LI><a href="#[37]">&gt;&gt;</a>&nbsp;&nbsp;&nbsp;WS2812FX_setLength
</UL>
<BR>[Address Reference Count : 1]<UL><LI> ws2812fx.o(.data)
</UL>
<P><STRONG><a name="[2d]"></a>WS2812FX_increaseSpeed</STRONG> (Thumb, 36 bytes, Stack size 8 bytes, ws2812fx.o(i.WS2812FX_increaseSpeed))
<BR><BR>[Stack]<UL><LI>Max Depth = 16<LI>Call Chain = WS2812FX_increaseSpeed &rArr; WS2812FX_setSpeed
</UL>
<BR>[Calls]<UL><LI><a href="#[2c]">&gt;&gt;</a>&nbsp;&nbsp;&nbsp;WS2812FX_setSpeed
<LI><a href="#[127]">&gt;&gt;</a>&nbsp;&nbsp;&nbsp;constrain
</UL>
<BR>[Address Reference Count : 1]<UL><LI> ws2812fx.o(.data)
</UL>
<P><STRONG><a name="[23]"></a>WS2812FX_init</STRONG> (Thumb, 16 bytes, Stack size 8 bytes, ws2812fx.o(i.WS2812FX_init))
<BR><BR>[Stack]<UL><LI>Max Depth = 8<LI>Call Chain = WS2812FX_init
</UL>
<BR>[Calls]<UL><LI><a href="#[45]">&gt;&gt;</a>&nbsp;&nbsp;&nbsp;WS2812FX_resetSegmentRuntimes
</UL>
<BR>[Address Reference Count : 1]<UL><LI> ws2812fx.o(.data)
</UL>
<P><STRONG><a name="[64]"></a>WS2812FX_intensitySum</STRONG> (Thumb, 34 bytes, Stack size 8 bytes, ws2812fx.o(i.WS2812FX_intensitySum))
<BR><BR>[Stack]<UL><LI>Max Depth = 8<LI>Call Chain = WS2812FX_intensitySum
</UL>
<BR>[Address Reference Count : 1]<UL><LI> ws2812fx.o(.data)
</UL>
<P><STRONG><a name="[65]"></a>WS2812FX_intensitySums</STRONG> (Thumb, 88 bytes, Stack size 24 bytes, ws2812fx.o(i.WS2812FX_intensitySums))
<BR><BR>[Stack]<UL><LI>Max Depth = 24<LI>Call Chain = WS2812FX_intensitySums
</UL>
<BR>[Calls]<UL><LI><a href="#[5d]">&gt;&gt;</a>&nbsp;&nbsp;&nbsp;WS2812FX_getNumBytesPerPixel
</UL>
<BR>[Address Reference Count : 1]<UL><LI> ws2812fx.o(.data)
</UL>
<P><STRONG><a name="[53]"></a>WS2812FX_isActiveSegment</STRONG> (Thumb, 22 bytes, Stack size 8 bytes, ws2812fx.o(i.WS2812FX_isActiveSegment))
<BR><BR>[Stack]<UL><LI>Max Depth = 8<LI>Call Chain = WS2812FX_isActiveSegment
</UL>
<BR>[Calls]<UL><LI><a href="#[125]">&gt;&gt;</a>&nbsp;&nbsp;&nbsp;memchr
</UL>
<BR>[Address Reference Count : 1]<UL><LI> ws2812fx.o(.data)
</UL>
<P><STRONG><a name="[26]"></a>WS2812FX_pause</STRONG> (Thumb, 8 bytes, Stack size 0 bytes, ws2812fx.o(i.WS2812FX_pause))
<BR>[Address Reference Count : 1]<UL><LI> ws2812fx.o(.data)
</UL>
<P><STRONG><a name="[54]"></a>WS2812FX_random8</STRONG> (Thumb, 28 bytes, Stack size 0 bytes, ws2812fx.o(i.WS2812FX_random8))
<BR>[Address Reference Count : 1]<UL><LI> ws2812fx.o(.data)
</UL>
<P><STRONG><a name="[55]"></a>WS2812FX_random8_lim</STRONG> (Thumb, 32 bytes, Stack size 0 bytes, ws2812fx.o(i.WS2812FX_random8_lim))
<BR>[Address Reference Count : 1]<UL><LI> ws2812fx.o(.data)
</UL>
<P><STRONG><a name="[42]"></a>WS2812FX_removeActiveSegment</STRONG> (Thumb, 32 bytes, Stack size 12 bytes, ws2812fx.o(i.WS2812FX_removeActiveSegment))
<BR><BR>[Stack]<UL><LI>Max Depth = 12<LI>Call Chain = WS2812FX_removeActiveSegment
</UL>
<BR>[Called By]<UL><LI><a href="#[40]">&gt;&gt;</a>&nbsp;&nbsp;&nbsp;WS2812FX_setIdleSegment_colors
</UL>
<BR>[Address Reference Count : 1]<UL><LI> ws2812fx.o(.data)
</UL>
<P><STRONG><a name="[46]"></a>WS2812FX_resetSegmentRuntime</STRONG> (Thumb, 40 bytes, Stack size 8 bytes, ws2812fx.o(i.WS2812FX_resetSegmentRuntime))
<BR><BR>[Stack]<UL><LI>Max Depth = 8<LI>Call Chain = WS2812FX_resetSegmentRuntime
</UL>
<BR>[Calls]<UL><LI><a href="#[125]">&gt;&gt;</a>&nbsp;&nbsp;&nbsp;memchr
</UL>
<BR>[Called By]<UL><LI><a href="#[29]">&gt;&gt;</a>&nbsp;&nbsp;&nbsp;WS2812FX_setMode
<LI><a href="#[41]">&gt;&gt;</a>&nbsp;&nbsp;&nbsp;WS2812FX_addActiveSegment
</UL>
<BR>[Address Reference Count : 1]<UL><LI> ws2812fx.o(.data)
</UL>
<P><STRONG><a name="[45]"></a>WS2812FX_resetSegmentRuntimes</STRONG> (Thumb, 12 bytes, Stack size 0 bytes, ws2812fx.o(i.WS2812FX_resetSegmentRuntimes))
<BR><BR>[Calls]<UL><LI><a href="#[124]">&gt;&gt;</a>&nbsp;&nbsp;&nbsp;__aeabi_memclr4
</UL>
<BR>[Called By]<UL><LI><a href="#[24]">&gt;&gt;</a>&nbsp;&nbsp;&nbsp;WS2812FX_start
<LI><a href="#[37]">&gt;&gt;</a>&nbsp;&nbsp;&nbsp;WS2812FX_setLength
<LI><a href="#[44]">&gt;&gt;</a>&nbsp;&nbsp;&nbsp;WS2812FX_resetSegments
<LI><a href="#[23]">&gt;&gt;</a>&nbsp;&nbsp;&nbsp;WS2812FX_init
</UL>
<BR>[Address Reference Count : 1]<UL><LI> ws2812fx.o(.data)
</UL>
<P><STRONG><a name="[44]"></a>WS2812FX_resetSegments</STRONG> (Thumb, 38 bytes, Stack size 8 bytes, ws2812fx.o(i.WS2812FX_resetSegments))
<BR><BR>[Stack]<UL><LI>Max Depth = 8<LI>Call Chain = WS2812FX_resetSegments
</UL>
<BR>[Calls]<UL><LI><a href="#[45]">&gt;&gt;</a>&nbsp;&nbsp;&nbsp;WS2812FX_resetSegmentRuntimes
<LI><a href="#[124]">&gt;&gt;</a>&nbsp;&nbsp;&nbsp;__aeabi_memclr4
<LI><a href="#[ff]">&gt;&gt;</a>&nbsp;&nbsp;&nbsp;__aeabi_memset
</UL>
<BR>[Address Reference Count : 1]<UL><LI> ws2812fx.o(.data)
</UL>
<P><STRONG><a name="[27]"></a>WS2812FX_resume</STRONG> (Thumb, 8 bytes, Stack size 0 bytes, ws2812fx.o(i.WS2812FX_resume))
<BR>[Address Reference Count : 1]<UL><LI> ws2812fx.o(.data)
</UL>
<P><STRONG><a name="[34]"></a>WS2812FX_setBrightness</STRONG> (Thumb, 16 bytes, Stack size 8 bytes, ws2812fx.o(i.WS2812FX_setBrightness))
<BR><BR>[Stack]<UL><LI>Max Depth = 8<LI>Call Chain = WS2812FX_setBrightness
</UL>
<BR>[Calls]<UL><LI><a href="#[4d]">&gt;&gt;</a>&nbsp;&nbsp;&nbsp;WS2812FX_show
</UL>
<BR>[Called By]<UL><LI><a href="#[35]">&gt;&gt;</a>&nbsp;&nbsp;&nbsp;WS2812FX_increaseBrightness
<LI><a href="#[36]">&gt;&gt;</a>&nbsp;&nbsp;&nbsp;WS2812FX_decreaseBrightness
</UL>
<BR>[Address Reference Count : 1]<UL><LI> ws2812fx.o(.data)
</UL>
<P><STRONG><a name="[31]"></a>WS2812FX_setColor</STRONG> (Thumb, 8 bytes, Stack size 0 bytes, ws2812fx.o(i.WS2812FX_setColor))
<BR>[Address Reference Count : 1]<UL><LI> ws2812fx.o(.data)
</UL>
<P><STRONG><a name="[2f]"></a>WS2812FX_setColor_rgb</STRONG> (Thumb, 16 bytes, Stack size 0 bytes, ws2812fx.o(i.WS2812FX_setColor_rgb))
<BR>[Address Reference Count : 1]<UL><LI> ws2812fx.o(.data)
</UL>
<P><STRONG><a name="[30]"></a>WS2812FX_setColor_rgbw</STRONG> (Thumb, 20 bytes, Stack size 0 bytes, ws2812fx.o(i.WS2812FX_setColor_rgbw))
<BR>[Address Reference Count : 1]<UL><LI> ws2812fx.o(.data)
</UL>
<P><STRONG><a name="[32]"></a>WS2812FX_setColor_seg</STRONG> (Thumb, 16 bytes, Stack size 0 bytes, ws2812fx.o(i.WS2812FX_setColor_seg))
<BR>[Address Reference Count : 1]<UL><LI> ws2812fx.o(.data)
</UL>
<P><STRONG><a name="[33]"></a>WS2812FX_setColors</STRONG> (Thumb, 36 bytes, Stack size 8 bytes, ws2812fx.o(i.WS2812FX_setColors))
<BR><BR>[Stack]<UL><LI>Max Depth = 8<LI>Call Chain = WS2812FX_setColors
</UL>
<BR>[Called By]<UL><LI><a href="#[3e]">&gt;&gt;</a>&nbsp;&nbsp;&nbsp;WS2812FX_setSegment_colors
</UL>
<BR>[Address Reference Count : 1]<UL><LI> ws2812fx.o(.data)
</UL>
<P><STRONG><a name="[3b]"></a>WS2812FX_setCycle</STRONG> (Thumb, 16 bytes, Stack size 0 bytes, ws2812fx.o(i.WS2812FX_setCycle))
<BR>[Address Reference Count : 1]<UL><LI> ws2812fx.o(.data)
</UL>
<P><STRONG><a name="[3f]"></a>WS2812FX_setIdleSegment</STRONG> (Thumb, 34 bytes, Stack size 48 bytes, ws2812fx.o(i.WS2812FX_setIdleSegment))
<BR><BR>[Stack]<UL><LI>Max Depth = 128<LI>Call Chain = WS2812FX_setIdleSegment &rArr; WS2812FX_setIdleSegment_colors &rArr; WS2812FX_setSegment_colors &rArr; WS2812FX_addActiveSegment &rArr; WS2812FX_resetSegmentRuntime
</UL>
<BR>[Calls]<UL><LI><a href="#[40]">&gt;&gt;</a>&nbsp;&nbsp;&nbsp;WS2812FX_setIdleSegment_colors
</UL>
<BR>[Address Reference Count : 1]<UL><LI> ws2812fx.o(.data)
</UL>
<P><STRONG><a name="[40]"></a>WS2812FX_setIdleSegment_colors</STRONG> (Thumb, 40 bytes, Stack size 32 bytes, ws2812fx.o(i.WS2812FX_setIdleSegment_colors))
<BR><BR>[Stack]<UL><LI>Max Depth = 80<LI>Call Chain = WS2812FX_setIdleSegment_colors &rArr; WS2812FX_setSegment_colors &rArr; WS2812FX_addActiveSegment &rArr; WS2812FX_resetSegmentRuntime
</UL>
<BR>[Calls]<UL><LI><a href="#[3e]">&gt;&gt;</a>&nbsp;&nbsp;&nbsp;WS2812FX_setSegment_colors
<LI><a href="#[42]">&gt;&gt;</a>&nbsp;&nbsp;&nbsp;WS2812FX_removeActiveSegment
</UL>
<BR>[Called By]<UL><LI><a href="#[3f]">&gt;&gt;</a>&nbsp;&nbsp;&nbsp;WS2812FX_setIdleSegment
</UL>
<BR>[Address Reference Count : 1]<UL><LI> ws2812fx.o(.data)
</UL>
<P><STRONG><a name="[37]"></a>WS2812FX_setLength</STRONG> (Thumb, 52 bytes, Stack size 16 bytes, ws2812fx.o(i.WS2812FX_setLength))
<BR><BR>[Stack]<UL><LI>Max Depth = 16<LI>Call Chain = WS2812FX_setLength
</UL>
<BR>[Calls]<UL><LI><a href="#[45]">&gt;&gt;</a>&nbsp;&nbsp;&nbsp;WS2812FX_resetSegmentRuntimes
</UL>
<BR>[Called By]<UL><LI><a href="#[38]">&gt;&gt;</a>&nbsp;&nbsp;&nbsp;WS2812FX_increaseLength
<LI><a href="#[39]">&gt;&gt;</a>&nbsp;&nbsp;&nbsp;WS2812FX_decreaseLength
</UL>
<BR>[Address Reference Count : 1]<UL><LI> ws2812fx.o(.data)
</UL>
<P><STRONG><a name="[29]"></a>WS2812FX_setMode</STRONG> (Thumb, 36 bytes, Stack size 16 bytes, ws2812fx.o(i.WS2812FX_setMode))
<BR><BR>[Stack]<UL><LI>Max Depth = 24<LI>Call Chain = WS2812FX_setMode &rArr; WS2812FX_resetSegmentRuntime
</UL>
<BR>[Calls]<UL><LI><a href="#[46]">&gt;&gt;</a>&nbsp;&nbsp;&nbsp;WS2812FX_resetSegmentRuntime
<LI><a href="#[127]">&gt;&gt;</a>&nbsp;&nbsp;&nbsp;constrain
</UL>
<BR>[Address Reference Count : 1]<UL><LI> ws2812fx.o(.data)
</UL>
<P><STRONG><a name="[3c]"></a>WS2812FX_setNumSegments</STRONG> (Thumb, 6 bytes, Stack size 0 bytes, ws2812fx.o(i.WS2812FX_setNumSegments))
<BR>[Address Reference Count : 1]<UL><LI> ws2812fx.o(.data)
</UL>
<P><STRONG><a name="[2a]"></a>WS2812FX_setOptions</STRONG> (Thumb, 16 bytes, Stack size 0 bytes, ws2812fx.o(i.WS2812FX_setOptions))
<BR>[Address Reference Count : 1]<UL><LI> ws2812fx.o(.data)
</UL>
<P><STRONG><a name="[3d]"></a>WS2812FX_setSegment</STRONG> (Thumb, 34 bytes, Stack size 48 bytes, ws2812fx.o(i.WS2812FX_setSegment))
<BR><BR>[Stack]<UL><LI>Max Depth = 96<LI>Call Chain = WS2812FX_setSegment &rArr; WS2812FX_setSegment_colors &rArr; WS2812FX_addActiveSegment &rArr; WS2812FX_resetSegmentRuntime
</UL>
<BR>[Calls]<UL><LI><a href="#[3e]">&gt;&gt;</a>&nbsp;&nbsp;&nbsp;WS2812FX_setSegment_colors
</UL>
<BR>[Address Reference Count : 1]<UL><LI> ws2812fx.o(.data)
</UL>
<P><STRONG><a name="[3e]"></a>WS2812FX_setSegment_colors</STRONG> (Thumb, 84 bytes, Stack size 24 bytes, ws2812fx.o(i.WS2812FX_setSegment_colors))
<BR><BR>[Stack]<UL><LI>Max Depth = 48<LI>Call Chain = WS2812FX_setSegment_colors &rArr; WS2812FX_addActiveSegment &rArr; WS2812FX_resetSegmentRuntime
</UL>
<BR>[Calls]<UL><LI><a href="#[33]">&gt;&gt;</a>&nbsp;&nbsp;&nbsp;WS2812FX_setColors
<LI><a href="#[41]">&gt;&gt;</a>&nbsp;&nbsp;&nbsp;WS2812FX_addActiveSegment
</UL>
<BR>[Called By]<UL><LI><a href="#[3d]">&gt;&gt;</a>&nbsp;&nbsp;&nbsp;WS2812FX_setSegment
<LI><a href="#[40]">&gt;&gt;</a>&nbsp;&nbsp;&nbsp;WS2812FX_setIdleSegment_colors
</UL>
<BR>[Address Reference Count : 1]<UL><LI> ws2812fx.o(.data)
</UL>
<P><STRONG><a name="[2c]"></a>WS2812FX_setSpeed</STRONG> (Thumb, 34 bytes, Stack size 8 bytes, ws2812fx.o(i.WS2812FX_setSpeed))
<BR><BR>[Stack]<UL><LI>Max Depth = 8<LI>Call Chain = WS2812FX_setSpeed
</UL>
<BR>[Calls]<UL><LI><a href="#[127]">&gt;&gt;</a>&nbsp;&nbsp;&nbsp;constrain
</UL>
<BR>[Called By]<UL><LI><a href="#[2d]">&gt;&gt;</a>&nbsp;&nbsp;&nbsp;WS2812FX_increaseSpeed
<LI><a href="#[2e]">&gt;&gt;</a>&nbsp;&nbsp;&nbsp;WS2812FX_decreaseSpeed
</UL>
<BR>[Address Reference Count : 1]<UL><LI> ws2812fx.o(.data)
</UL>
<P><STRONG><a name="[24]"></a>WS2812FX_start</STRONG> (Thumb, 14 bytes, Stack size 8 bytes, ws2812fx.o(i.WS2812FX_start))
<BR><BR>[Stack]<UL><LI>Max Depth = 8<LI>Call Chain = WS2812FX_start
</UL>
<BR>[Calls]<UL><LI><a href="#[45]">&gt;&gt;</a>&nbsp;&nbsp;&nbsp;WS2812FX_resetSegmentRuntimes
</UL>
<BR>[Address Reference Count : 1]<UL><LI> ws2812fx.o(.data)
</UL>
<P><STRONG><a name="[25]"></a>WS2812FX_stop</STRONG> (Thumb, 10 bytes, Stack size 0 bytes, ws2812fx.o(i.WS2812FX_stop))
<BR><BR>[Stack]<UL><LI>Max Depth = 8<LI>Call Chain = WS2812FX_stop &rArr; WS2812FX_strip_off
</UL>
<BR>[Calls]<UL><LI><a href="#[28]">&gt;&gt;</a>&nbsp;&nbsp;&nbsp;WS2812FX_strip_off
</UL>
<BR>[Address Reference Count : 1]<UL><LI> ws2812fx.o(.data)
</UL>
<P><STRONG><a name="[28]"></a>WS2812FX_strip_off</STRONG> (Thumb, 16 bytes, Stack size 8 bytes, ws2812fx.o(i.WS2812FX_strip_off))
<BR><BR>[Stack]<UL><LI>Max Depth = 8<LI>Call Chain = WS2812FX_strip_off
</UL>
<BR>[Calls]<UL><LI><a href="#[4d]">&gt;&gt;</a>&nbsp;&nbsp;&nbsp;WS2812FX_show
</UL>
<BR>[Called By]<UL><LI><a href="#[25]">&gt;&gt;</a>&nbsp;&nbsp;&nbsp;WS2812FX_stop
</UL>
<BR>[Address Reference Count : 1]<UL><LI> ws2812fx.o(.data)
</UL>
<P><STRONG><a name="[22]"></a>WS2812FX_structure</STRONG> (Thumb, 100 bytes, Stack size 32 bytes, ws2812fx.o(i.WS2812FX_structure))
<BR><BR>[Stack]<UL><LI>Max Depth = 32<LI>Call Chain = WS2812FX_structure
</UL>
<BR>[Address Reference Count : 1]<UL><LI> ws2812fx.o(.data)
</UL>
<P><STRONG><a name="[43]"></a>WS2812FX_swapActiveSegment</STRONG> (Thumb, 48 bytes, Stack size 16 bytes, ws2812fx.o(i.WS2812FX_swapActiveSegment))
<BR><BR>[Stack]<UL><LI>Max Depth = 16<LI>Call Chain = WS2812FX_swapActiveSegment
</UL>
<BR>[Calls]<UL><LI><a href="#[125]">&gt;&gt;</a>&nbsp;&nbsp;&nbsp;memchr
</UL>
<BR>[Address Reference Count : 1]<UL><LI> ws2812fx.o(.data)
</UL>
<P><STRONG><a name="[3a]"></a>WS2812FX_trigger</STRONG> (Thumb, 8 bytes, Stack size 0 bytes, ws2812fx.o(i.WS2812FX_trigger))
<BR>[Address Reference Count : 1]<UL><LI> ws2812fx.o(.data)
</UL>
<P><STRONG><a name="[b9]"></a>SPI_DMAError</STRONG> (Thumb, 34 bytes, Stack size 8 bytes, stm32f1xx_hal_spi.o(i.SPI_DMAError))
<BR><BR>[Stack]<UL><LI>Max Depth = 8<LI>Call Chain = SPI_DMAError
</UL>
<BR>[Calls]<UL><LI><a href="#[11d]">&gt;&gt;</a>&nbsp;&nbsp;&nbsp;HAL_SPI_ErrorCallback
</UL>
<BR>[Address Reference Count : 1]<UL><LI> stm32f1xx_hal_spi.o(i.HAL_SPI_Transmit_DMA)
</UL>
<P><STRONG><a name="[b7]"></a>SPI_DMAHalfTransmitCplt</STRONG> (Thumb, 10 bytes, Stack size 8 bytes, stm32f1xx_hal_spi.o(i.SPI_DMAHalfTransmitCplt))
<BR><BR>[Stack]<UL><LI>Max Depth = 8<LI>Call Chain = SPI_DMAHalfTransmitCplt
</UL>
<BR>[Calls]<UL><LI><a href="#[11e]">&gt;&gt;</a>&nbsp;&nbsp;&nbsp;HAL_SPI_TxHalfCpltCallback
</UL>
<BR>[Address Reference Count : 1]<UL><LI> stm32f1xx_hal_spi.o(i.HAL_SPI_Transmit_DMA)
</UL>
<P><STRONG><a name="[b8]"></a>SPI_DMATransmitCplt</STRONG> (Thumb, 100 bytes, Stack size 16 bytes, stm32f1xx_hal_spi.o(i.SPI_DMATransmitCplt))
<BR><BR>[Stack]<UL><LI>Max Depth = 56<LI>Call Chain = SPI_DMATransmitCplt &rArr; SPI_EndRxTxTransaction &rArr; SPI_WaitFlagStateUntilTimeout
</UL>
<BR>[Calls]<UL><LI><a href="#[10f]">&gt;&gt;</a>&nbsp;&nbsp;&nbsp;HAL_GetTick
<LI><a href="#[120]">&gt;&gt;</a>&nbsp;&nbsp;&nbsp;HAL_SPI_TxCpltCallback
<LI><a href="#[11d]">&gt;&gt;</a>&nbsp;&nbsp;&nbsp;HAL_SPI_ErrorCallback
<LI><a href="#[11f]">&gt;&gt;</a>&nbsp;&nbsp;&nbsp;SPI_EndRxTxTransaction
</UL>
<BR>[Address Reference Count : 1]<UL><LI> stm32f1xx_hal_spi.o(i.HAL_SPI_Transmit_DMA)
</UL>
<P><STRONG><a name="[11f]"></a>SPI_EndRxTxTransaction</STRONG> (Thumb, 32 bytes, Stack size 16 bytes, stm32f1xx_hal_spi.o(i.SPI_EndRxTxTransaction))
<BR><BR>[Stack]<UL><LI>Max Depth = 40<LI>Call Chain = SPI_EndRxTxTransaction &rArr; SPI_WaitFlagStateUntilTimeout
</UL>
<BR>[Calls]<UL><LI><a href="#[121]">&gt;&gt;</a>&nbsp;&nbsp;&nbsp;SPI_WaitFlagStateUntilTimeout
</UL>
<BR>[Called By]<UL><LI><a href="#[b8]">&gt;&gt;</a>&nbsp;&nbsp;&nbsp;SPI_DMATransmitCplt
</UL>

<P><STRONG><a name="[121]"></a>SPI_WaitFlagStateUntilTimeout</STRONG> (Thumb, 148 bytes, Stack size 24 bytes, stm32f1xx_hal_spi.o(i.SPI_WaitFlagStateUntilTimeout))
<BR><BR>[Stack]<UL><LI>Max Depth = 24<LI>Call Chain = SPI_WaitFlagStateUntilTimeout
</UL>
<BR>[Calls]<UL><LI><a href="#[10f]">&gt;&gt;</a>&nbsp;&nbsp;&nbsp;HAL_GetTick
</UL>
<BR>[Called By]<UL><LI><a href="#[11f]">&gt;&gt;</a>&nbsp;&nbsp;&nbsp;SPI_EndRxTxTransaction
</UL>

<P><STRONG><a name="[106]"></a>DMA_SetConfig</STRONG> (Thumb, 42 bytes, Stack size 12 bytes, stm32f1xx_hal_dma.o(i.DMA_SetConfig))
<BR><BR>[Stack]<UL><LI>Max Depth = 12<LI>Call Chain = DMA_SetConfig
</UL>
<BR>[Called By]<UL><LI><a href="#[105]">&gt;&gt;</a>&nbsp;&nbsp;&nbsp;HAL_DMA_Start_IT
</UL>

<P><STRONG><a name="[10d]"></a>__NVIC_SetPriority</STRONG> (Thumb, 32 bytes, Stack size 0 bytes, stm32f1xx_hal_cortex.o(i.__NVIC_SetPriority))
<BR><BR>[Called By]<UL><LI><a href="#[10c]">&gt;&gt;</a>&nbsp;&nbsp;&nbsp;HAL_NVIC_SetPriority
<LI><a href="#[10b]">&gt;&gt;</a>&nbsp;&nbsp;&nbsp;HAL_SYSTICK_Config
</UL>
<P>
<H3>
Undefined Global Symbols
</H3><HR></body></html>
